[flow.com/hackathon.html]
[backblue.gif]
[fade.gif]
[index.html]
[assets-global.website-files.com/5f734f4dbd95382f4fdfa0ea/css/flow-com.webflow.9325b97a3.min.css]
[ajax.googleapis.com/ajax/libs/webfont/1.6.26/webfont.js]
[use.typekit.net/mgu2ukv.js]
[assets-global.website-files.com/5f734f4dbd95382f4fdfa0ea/616b1520779838b5f9174363_favicon.png]
[assets-global.website-files.com/5f734f4dbd95382f4fdfa0ea/616b1548fd01d005fc2bc2c7_logo256.png]
[cdn.jsdelivr.net/npm/@splidejs/splide@4.1.4/dist/js/splide.min.js]
[cdn.jsdelivr.net/npm/@splidejs/splide@4.1.4/dist/css/splide.min.css]
[flow.com/hybrid-custody.html]
[flow.com/flow-ambassador-program.html]
[flow.com/index.html]
[flow.com/blog.html]
[flow.com/primer.html]
[flow.com/priorities.html]
[flow.com/use-cases.html]
[flow.com/flow-token-economics.html]
[flow.com/technical-paper.html]
[flow.com/sustainability.html]
[unpkg.com/@splinetool/viewer@0.9.334/build/spline-viewer.js]
[assets-global.website-files.com/5f734f4dbd95382f4fdfa0ea/645509e966cca33416da1f6b_section-intro-bg.png]
[assets-global.website-files.com/5f734f4dbd95382f4fdfa0ea/645fa610c147b29d6a415a4e_video-preview.jpg]
[assets-global.website-files.com/5f734f4dbd95382f4fdfa0ea/645fa427885c34030d9d0cb5_google_cloud.png]
[assets-global.website-files.com/5f734f4dbd95382f4fdfa0ea/64623e86f027f74b0b63cc29_microsoft-azure.png]
[assets-global.website-files.com/5f734f4dbd95382f4fdfa0ea/645fa426fa7032164b27c320_quicknode.png]
[assets-global.website-files.com/5f734f4dbd95382f4fdfa0ea/6477612c7b45fceaade84942_amazon-web-services.png]
[assets-global.website-files.com/5f734f4dbd95382f4fdfa0ea/6477612cd630026bafc636ac_chainlink.png]
[assets-global.website-files.com/5f734f4dbd95382f4fdfa0ea/64623ff73cf5918ab7e235f4_microsoft@2x.png]
[assets-global.website-files.com/5f734f4dbd95382f4fdfa0ea/64623ff6a684cf0089ea4120_find@2x.png]
[assets-global.website-files.com/5f734f4dbd95382f4fdfa0ea/64623ff628c9b4e6c962f564_flowty@2x.png]
[assets-global.website-files.com/5f734f4dbd95382f4fdfa0ea/647768331d7a9cd8d264c2f3_niftory_long 1.png]
[assets-global.website-files.com/5f734f4dbd95382f4fdfa0ea/64623ff6d89b949b56f942c8_CGV_Fund@2x.png]
[assets-global.website-files.com/5f734f4dbd95382f4fdfa0ea/6477664d4b7c69a985782bf8_mlh-logo-white@2x.png]
[assets-global.website-files.com/5f734f4dbd95382f4fdfa0ea/6477664d2d6e9ec1983a0ae0_kapa.ai@2x.png]
[assets-global.website-files.com/5f734f4dbd95382f4fdfa0ea/6477664d97b37757114b00e4_dappradar@2x.png]
[assets-global.website-files.com/5f734f4dbd95382f4fdfa0ea/6477664ecdd1c88826e9a062_flowverse@2x.png]
[assets-global.website-files.com/5f734f4dbd95382f4fdfa0ea/6478a0e2a61f4bc0345d751e_celer-white.png]
[assets-global.website-files.com/5f734f4dbd95382f4fdfa0ea/6478a0e333e01215445ba30c_animoca-brands.png]
[assets-global.website-files.com/5f734f4dbd95382f4fdfa0ea/6478a0e3601d885be163b19f_IncrementFi-white.png]
[assets-global.website-files.com/5f734f4dbd95382f4fdfa0ea/647a2fd9099bb551d4d3513a_devfolio-white.png]
[assets-global.website-files.com/5f734f4dbd95382f4fdfa0ea/647a2fd96bd489f738b9ef02_learnweb3-white.png]
[assets-global.website-files.com/5f734f4dbd95382f4fdfa0ea/64802b53e69626f38c5bb9ee_matrix-white.png]
[assets-global.website-files.com/5f734f4dbd95382f4fdfa0ea/6480624b0c4bfc697ce8f41d_emerald 1.png]
[assets-global.website-files.com/5f734f4dbd95382f4fdfa0ea/6480624cd6ea38853639594a_ozone.png]
[assets-global.website-files.com/5f734f4dbd95382f4fdfa0ea/6480cf96daf277a80ef35b1c_nccgroup.png]
[assets-global.website-files.com/5f734f4dbd95382f4fdfa0ea/64788dcd74592cb50006fc76_flow-incubator.png]
[assets-global.website-files.com/5f734f4dbd95382f4fdfa0ea/64623ff7fb272ee258626a37_google_cloud@2x.png]
[assets-global.website-files.com/5f734f4dbd95382f4fdfa0ea/6478ba27b6675a884ee58042_512px-Amazon_Web_Services_Logo.svg.png]
[assets-global.website-files.com/5f734f4dbd95382f4fdfa0ea/6478a4e3996de6367b86b841_slack-imgs-1.jpg]
[assets-global.website-files.com/5f734f4dbd95382f4fdfa0ea/647855bf563a188b47b8b04e_Allen Day.png]
[assets-global.website-files.com/5f734f4dbd95382f4fdfa0ea/648061bd2e801cea6a180076_Andrej Rakic-2.png]
[assets-global.website-files.com/5f734f4dbd95382f4fdfa0ea/647855bfc76f1dda478c709e_Brad Feinstein.png]
[assets-global.website-files.com/5f734f4dbd95382f4fdfa0ea/647855c00a830d219885eef4_John Weigelt.png]
[assets-global.website-files.com/5f734f4dbd95382f4fdfa0ea/647855bf0dfdcf02d86f90ab_Simon Lacasse.png]
[assets-global.website-files.com/5f734f4dbd95382f4fdfa0ea/647855c09d5ee8fd07f5f338_Sylvia MacPherson.png]
[assets-global.website-files.com/5f734f4dbd95382f4fdfa0ea/645f918b4f8e6541f36a44ac_Jacob Tucker.png]
[assets-global.website-files.com/5f734f4dbd95382f4fdfa0ea/645f918c010f97835fe9043d_Luca Basile.png]
[assets-global.website-files.com/5f734f4dbd95382f4fdfa0ea/645f9188168c7d2a9a4662cd_Bjarte Karlsen.png]
[assets-global.website-files.com/5f734f4dbd95382f4fdfa0ea/645f918c885c34030d89f35d_Layne Lafrance.png]
[assets-global.website-files.com/5f734f4dbd95382f4fdfa0ea/645f91884f8e6541f36a34e0_Anuke Ganegoda.png]
[assets-global.website-files.com/5f734f4dbd95382f4fdfa0ea/645f918c159a448158f85e63_Nishanta Dharmaseri.png]
[assets-global.website-files.com/5f734f4dbd95382f4fdfa0ea/645f9188159a448158f85b80_James Petchey.png]
[assets-global.website-files.com/5f734f4dbd95382f4fdfa0ea/645f918776ff10c495fe9123_Josh Hannan.png]
[assets-global.website-files.com/5f734f4dbd95382f4fdfa0ea/645f9188010f97835fe901e4_Jerome Pimmel.png]
[assets-global.website-files.com/5f734f4dbd95382f4fdfa0ea/645f9188168c7d2a9a4662d1_Andrea Muttoni.png]
[assets-global.website-files.com/5f734f4dbd95382f4fdfa0ea/645f9188c147b29d6a2f6eef_Bohao Tang.png]
[assets-global.website-files.com/5f734f4dbd95382f4fdfa0ea/6478be739be60e09b479e3f0_hao-fu.png]
[assets-global.website-files.com/5f734f4dbd95382f4fdfa0ea/646243e6b66282a59ff558e2_Flow Developer Portal.png]
[flow.com/post/flow-blockchain-mainstream-adoption-easy-onboarding-wallets.html]
[assets-global.website-files.com/5f734f4dbd95382f4fdfa0ea/646251e48c02188fed543f0a_General Track.jpg]
[assets-global.website-files.com/5f734f4dbd95382f4fdfa0ea/646251e4aac27eb80118df29_Best Mobile Experiences.jpg]
[assets-global.website-files.com/5f734f4dbd95382f4fdfa0ea/646251e27bc2f757fda9634a_Best Walletless Onboarding.jpg]
[assets-global.website-files.com/5f734f4dbd95382f4fdfa0ea/646251e4648a37f9bce171b8_General Track-1.jpg]
[assets-global.website-files.com/5f734f4dbd95382f4fdfa0ea/646251e3c176e90a3597419d_General Track-2.jpg]
[assets-global.website-files.com/5f734f4dbd95382f4fdfa0ea/64629b41b3b1a7e812be2423_645e8854ed4e36dc0473bf56_ezgif.com-resize.gif]
[flow.com/node-operation.html]
[flow.com/token-distribution.html]
[flow.com/mediakit.html]
[flow.com/careers.html]
[flow.com/faq.html]
[d3e54v103j8qbb.cloudfront.net/js/jquery-3.5.1.min.dc5e7f18c89892.js]
[flow.com/hackathon.html]
[assets-global.website-files.com/5f734f4dbd95382f4fdfa0ea/css/flow-com.webflow.9325b97a3.min.css]
[www.googletagmanager.com/gtm5445.html]
[cdn.jsdelivr.net/npm/@splidejs/splide@4.1.4/dist/css/splide.min.css]
[assets-global.website-files.com/5f734f4dbd95382f4fdfa0ea/js/webflow.2724f1538.js]
[flow.com/post/flow-blockchain-doodles-2-announcement.html]
[assets-global.website-files.com/5f734f4dbd95382f4fdfa0ea/63d103571f7d3b3f5ae8904a_Mask group (1).png]
[assets-global.website-files.com/5f734f4dbd95382f4fdfa0ea/63cfa6337c152268a8cfefca_Ticketmaster.png]
[assets-global.website-files.com/5f734f4dbd95382f4fdfa0ea/63cfa6308ead0d498a578162_Mattel.png]
[assets-global.website-files.com/5f734f4dbd95382f4fdfa0ea/63cfa630b09c32ecf5dfb61a_Seussibles.png]
[assets-global.website-files.com/5f734f4dbd95382f4fdfa0ea/63cfa62fd193ab17012e37d2_Mask group.png]
[assets-global.website-files.com/5f734f4dbd95382f4fdfa0ea/63cfa63651c3426deef99cae_Mask group-1.png]
[assets-global.website-files.com/5f734f4dbd95382f4fdfa0ea/63cfa630912273623cb858b3_Mattel-1.png]
[assets-global.website-files.com/5f734f4dbd95382f4fdfa0ea/63cfa63a688973e5aa96052b_Finoa.png]
[assets-global.website-files.com/5f734f4dbd95382f4fdfa0ea/63cfa62f4f8777366b8c808e_Flovatar.png]
[assets-global.website-files.com/5f734f4dbd95382f4fdfa0ea/63cfa63031fcb09be12136b1_Zigazoo.png]
[assets-global.website-files.com/5f734f4dbd95382f4fdfa0ea/63cfa62f4745926d867224d3_Emerald City.png]
[assets-global.website-files.com/5f734f4dbd95382f4fdfa0ea/63cfa62f947ce559d335e3ee_Cryptoys.png]
[assets-global.website-files.com/5f734f4dbd95382f4fdfa0ea/63cfa630b09c327792dfb61b_Rectangle 590.png]
[assets-global.website-files.com/5f734f4dbd95382f4fdfa0ea/63cfa62fc43ad3539dfeaf26_Instagram.png]
[assets-global.website-files.com/5f734f4dbd95382f4fdfa0ea/63cfa631b69b99bd76a7426b_Mask group-2.png]
[assets-global.website-files.com/5f734f4dbd95382f4fdfa0ea/63cfa62f8a8b2dbfb7fd0a73_Genies.png]
[assets-global.website-files.com/5f734f4dbd95382f4fdfa0ea/63e120dba0e597a8b5b4cd64_IMG - Mainstream Ready.jpg]
[assets-global.website-files.com/5f734f4dbd95382f4fdfa0ea/63e120dbe702d4eac9263e64_IMG - Utility First.png]
[assets-global.website-files.com/5f734f4dbd95382f4fdfa0ea/63e120dbfcc20d69850f07e7_IMG - Battle-Tested.jpg]
[flow.com/index.html]
[assets-global.website-files.com/5f734f4dbd95382f4fdfa0ea/6418900c1222e12ccb93133c_decoration-05.png]
[assets-global.website-files.com/5f734f4dbd95382f4fdfa0ea/6418900ccf1b0167af3446c5_decoration-02.png]
[assets-global.website-files.com/5f734f4dbd95382f4fdfa0ea/6418900c44415f476fbb73c2_decoration-01.png]
[assets-global.website-files.com/5f734f4dbd95382f4fdfa0ea/6418900c76b8504a42817701_decoration-06.png]
[assets-global.website-files.com/5f734f4dbd95382f4fdfa0ea/6418900c44415f029ebb73be_decoration-03.png]
[assets-global.website-files.com/5f734f4dbd95382f4fdfa0ea/6418900cc1ce01e842f61f92_decoration-04.png]
[assets-global.website-files.com/5f734f4dbd95382f4fdfa0ea/641631a304ae8a3849b5b9e3_niftory.png]
[assets-global.website-files.com/5f734f4dbd95382f4fdfa0ea/641631a3babae42971dde34a_james-flowverse.png]
[assets-global.website-files.com/5f734f4dbd95382f4fdfa0ea/641631a3826a426dcfe65fda_kpnc.png]
[assets-global.website-files.com/5f734f4dbd95382f4fdfa0ea/641631a336dcd32584e3bbd4_landford33.png]
[assets-global.website-files.com/5f734f4dbd95382f4fdfa0ea/641631a3d03969d0557f861e_jay-mayor.png]
[assets-global.website-files.com/5f734f4dbd95382f4fdfa0ea/641631a31363c997713cd4d6_william-mougayar.png]
[assets-global.website-files.com/5f734f4dbd95382f4fdfa0ea/641631a3fbe89f8098a8af85_nfb-b-each.png]
[assets-global.website-files.com/5f734f4dbd95382f4fdfa0ea/641631a35070926d7f96cb41_jacob-tuckr.png]
[assets-global.website-files.com/5f734f4dbd95382f4fdfa0ea/6423570904d55f0ddc7eed2f_walletless-onboarding-2@2x.png]
[assets-global.website-files.com/5f734f4dbd95382f4fdfa0ea/64198ed93d99c5c93e0f52fa_hybrid-custody@2x.png]
[assets-global.website-files.com/5f734f4dbd95382f4fdfa0ea/64161e6b830881cd4663d4a7_ico-Abstraction@2x.png]
[assets-global.website-files.com/5f734f4dbd95382f4fdfa0ea/64161e6b9f12e01566ddc126_icon-App Custody@2x.png]
[assets-global.website-files.com/5f734f4dbd95382f4fdfa0ea/64161e6b7dad69c9fef1074b_icon-Account Linking & Delegation@2x.png]
[assets-global.website-files.com/5f734f4dbd95382f4fdfa0ea/64161e6bb071a7fbdf723b41_icon-Hybrid Custody State@2x.png]
[assets-global.website-files.com/5f734f4dbd95382f4fdfa0ea/64176892d18f1b15978675d0_FlowArcadeDemo_Website-poster-00001.jpg]
[flow.com/post/hybrid-custody-on-flow.html]
[flow.com/post/account-abstraction-and-the-race-to-1-billion-users.html]
[flow.com/post/flow-blockchain-news-analysis-ownership-account-model.html]
[assets-global.website-files.com/5f734f4dbd95382f4fdfa0ea/641c766b5c546abc0bafa9f3_63ee9285c815068444b387ca_account model-p-800.png]
[flow.com/hybrid-custody.html]
[flow.com/post/walletless-onboarding-hybrid-custody-demo.html]
[assets-global.website-files.com/5f734f4dbd95382f4fdfa0ea/6343e639b9d4ce0733ba6ce8_Group 840.png]
[assets-global.website-files.com/5f734f4dbd95382f4fdfa0ea/6343e84b3773a45c9d6e7914_Frame 5343.png]
[assets-global.website-files.com/5f734f4dbd95382f4fdfa0ea/63484cb891592b59c40620b0_Frame 5359.png]
[assets-global.website-files.com/5f734f4dbd95382f4fdfa0ea/63484cf6882ac47fec3f7f82_Frame 5358.png]
[assets-global.website-files.com/5f734f4dbd95382f4fdfa0ea/63484d1e57b6fe8327cec513_Frame 5357.png]
[assets-global.website-files.com/5f734f4dbd95382f4fdfa0ea/63484d2d71c288381a387153_Group 851.png]
[assets-global.website-files.com/5f734f4dbd95382f4fdfa0ea/63441f1a739f526c35cdbe28_1_DRFoQ7ZK5Jo1d1Og96edIQ 1.png]
[flow.com/flow-ambassador-program.html]
[flow.com/categories/developers.html]
[flow.com/categories/education.html]
[flow.com/engineering-blog.html]
[flow.com/post/announcing-flow-to-the-future-global-hackathon.html]
[assets-global.website-files.com/618c953e65cc2ba3f44d1a02/6477dcd23d1502d9fbbf4604_Flow’s Hackathon.gif]
[flow.com/post/unity-sdk-2-0-supercharge-game-development-with-unity-se.html]
[flow.com/post/flow-fundamentals-behind-trusting-where-you-build.html]
[assets-global.website-files.com/618c953e65cc2ba3f44d1a02/6488c533c7f513febb1ee03c_Body - Trusting where you build.png]
[flow.com/post/implementing-the-bored-ape-yacht-club-smart-contract-in-cadence.html]
[assets-global.website-files.com/618c953e65cc2ba3f44d1a02/648217ecb1e61160100b6dc2_Implementing the BAYC.png]
[flow.com/post/flow-network-upgrade-june-2023.html]
[assets-global.website-files.com/618c953e65cc2ba3f44d1a02/647f882f3d0bae6dea5149c8_flow-network-upgrade2-min.png]
[flow.com/post/introducing-the-network-overview-dashboard.html]
[assets-global.website-files.com/618c953e65cc2ba3f44d1a02/646e2b1ddbf50a4ca414425f_Metrika Network Overview Dashboard.jpg]
[assets-global.website-files.com/618c953e65cc2ba3f44d1a02/645e8854ed4e36dc0473bf56_ezgif.com-resize.gif]
[flow.com/post/barbie-and-boss-beauties-launch-career-themed-barbie-collectibles-on-flow.html]
[assets-global.website-files.com/618c953e65cc2ba3f44d1a02/645bb8182db3a4078477687c_Flow Blog_Boss Beauties x Barbie_5.10.23.jpg]
[flow.com/post/flows-product-co-founder-layne-lafrance-on-top-shot-doodles-and-2023.html]
[assets-global.website-files.com/618c953e65cc2ba3f44d1a02/645c221fbf56a810102208c9_NFT Insider Repost (Blog Hero Image).gif]
[flow.com/post/the-doodles-2-stoodio-beta-experience-is-live-on-flow.html]
[assets-global.website-files.com/618c953e65cc2ba3f44d1a02/644c0ca5efe170badaf894e4_Doodles Stoodio beta experience on Flow_Final.png]
[flow.com/post/flow-ecosystem-highlights-q1-2023.html]
[assets-global.website-files.com/618c953e65cc2ba3f44d1a02/64384ef4a195b1a6fd22e9c3_Blog - Flow Ecosystem Highlights Q1 2023 - Part 1 (1).png]
[flow.com/post/animoca-brands-on-flow-week.html]
[assets-global.website-files.com/618c953e65cc2ba3f44d1a02/642ee609f32aea1f07240b81_Blog Visual_AB on Flow Week_4.6.23.png]
[assets-global.website-files.com/618c953e65cc2ba3f44d1a02/641b345bc52d8bd12e64721a_Blog Image - Brian's Bulletin (1).png]
[assets-global.website-files.com/618c953e65cc2ba3f44d1a02/6418d28402be8e142c2f7304_Blog Image - Hybrid Custody on Flow.png]
[flow.com/post/tooling-guide-for-flow-development.html]
[assets-global.website-files.com/618c953e65cc2ba3f44d1a02/64149ca597d7285051bbbcfb_64139cbe5f741dae705a798d_Slide 16_9 - 4 (1).png]
[flow.com/post/flow-sdk-for-unity-pushing-the-boundaries-of-web3-gaming.html]
[assets-global.website-files.com/618c953e65cc2ba3f44d1a02/64000ecc7af48280bebbe4ee_Blog Image - Blockchain Game Development Unity.png]
[flow.com/post/growing-the-future-of-flow-together.html]
[assets-global.website-files.com/618c953e65cc2ba3f44d1a02/63f808427131bf48933ad5fb_Blog Image - Full Steam Ahead.png]
[assets-global.website-files.com/618c953e65cc2ba3f44d1a02/63ee9285c815068444b387ca_account model.png]
[flow.com/post/flow-blockchain-developers-solutions-build-on-flow.html]
[assets-global.website-files.com/618c953e65cc2ba3f44d1a02/63eea8ea134ea1396b7f0c16_why flow.png]
[flow.com/post/flow-blockchain-hackathon-developers-prizes.html]
[assets-global.website-files.com/618c953e65cc2ba3f44d1a02/63e14acdf356194e1639acfb_Blog Image - Flow Hackathon.png]
[assets-global.website-files.com/618c953e65cc2ba3f44d1a02/63d808a1c40052ab9efdbe74_Blog Image - Introduction to Walletless Onboarding.png]
[flow.com/post/flow-blockchain-ecosystem-community-wallets-apps-developers.html]
[assets-global.website-files.com/618c953e65cc2ba3f44d1a02/63d41f65c467529f5289bbed_crash course.jpg]
[assets-global.website-files.com/618c953e65cc2ba3f44d1a02/63d0ca3a05f315a59814aed3_Screen Shot 2023-01-23 at 2.09.13 PM.png]
[flow.com/post/flow-blockchain-news-network-upgrades-spork-january-scalable-resilient-accessible.html]
[assets-global.website-files.com/618c953e65cc2ba3f44d1a02/63c7016b8adc59c020abd0ca_Blog Image - Flow Spork.png]
[flow.com/blog.html]
[flow.com/blogb40b.html]
[assets-global.website-files.com/5f734f4dbd95382f4fdfa0ea/62f0de4b2f210850a33fd2c7_Flow-primer1.png]
[flow.com/primer.html]
[flow.com/priorities.html]
[flow.com/post/permissionless-smart-contract-deployment-flow-blockchain.html]
[flow.com/use-case/gaming.html]
[assets-global.website-files.com/5f734f4dbd95382f4fdfa0ea/6450047a0810870dcd2cd8fc_flow-gaming.jpg]
[assets-global.website-files.com/5f734f4dbd95382f4fdfa0ea/649b03b1d1ca955fe8c7775a_image-nfts.jpg]
[flow.com/use-case/defi.html]
[assets-global.website-files.com/5f734f4dbd95382f4fdfa0ea/649b0315fbbef506ec00c236_Image-defi.jpg]
[flow.com/use-cases.html]
[assets-global.website-files.com/5f734f4dbd95382f4fdfa0ea/62f0e09e8030851c51f99b23_target_staking_ratios.png]
[flow.com/flow-token-economics.html]
[flow.com/technical-paper.html]
[assets-global.website-files.com/5f734f4dbd95382f4fdfa0ea/618ae335f6a8ed629f7048e1_Flow_Green Asset_1.png]
[assets-global.website-files.com/5f734f4dbd95382f4fdfa0ea/618ae336b0b57548f7eefeff_Flow_Green Asset_4.png]
[assets-global.website-files.com/5f734f4dbd95382f4fdfa0ea/625d373162cba9519c2e379d_Flow_Sustain_illustration_1-1.png]
[assets-global.website-files.com/5f734f4dbd95382f4fdfa0ea/61b9db105bc8d6ad22edac2b_Flow_Sustain_illustration_2 1.png]
[assets-global.website-files.com/5f734f4dbd95382f4fdfa0ea/61b9db10ad4d1c975ceba642_Flow_Sustain_illustration_3 1.png]
[flow.com/sustainability.html]
[flow.com/post/rss.xml]
[cdnjs.cloudflare.com/ajax/libs/prism/1.29.0/themes/prism.min.css]
[flow.com/cdn-cgi/l/email-protection.html]
[flow.com/authors/chris-ackermann.html]
[flow.com/cdn-cgi/scripts/5c5dd728/cloudflare-static/email-decode.min.js]
[assets-global.website-files.com/618c953e65cc2ba3f44d1a02/63d807b59a33046a52787696_Wd8AB3pZIMRBJprfKtnyHQ6eNJQkJkYNTSGmo3SUbF4gRWLniVpFYWx1k9krCQAZhWfSpcLagb2cuyYtzelJnMZHFxq7Z4N8Aj8KvlMslONXVX_GlHH_oQDbWt374ynW-3XvPT7zi2Z_Ap2yI]
[cdnjs.cloudflare.com/ajax/libs/prism/1.29.0/prism.min.js]
[assets-global.website-files.com/618c953e65cc2ba3f44d1a02/63d807b5b8688862088f630e_K0kar2p-XJTHCZssdidAwnwZkVAgpxkbKZtZrsa8bm4iEiUqz7LBedzAXkw7y_v0fvqINQWLwAlXIOJ8FreH89Uw7KmHZUt8FE6aZWP776LfLXwFm1juNmjKvEakMtqh39EzEmkm4pBrRFB2n]
[flow.com/post/flow-blockchain-mainstream-adoption-easy-onboarding-wallets.html]
[cdnjs.cloudflare.com/ajax/libs/prism/1.29.0/plugins/unescaped-markup/prism-unescaped-markup.min.js]
[assets-global.website-files.com/5f734f4dbd95382f4fdfa0ea/6304059115bf0566eabc3c70_node-types.gif]
[flow.com/node-operation.html]
[flow.com/node-validators.html]
[assets-global.website-files.com/5f734f4dbd95382f4fdfa0ea/62f0e19a0ae83f09e644dd49_chart.png]
[assets-global.website-files.com/5f734f4dbd95382f4fdfa0ea/62f0e19a0ae83fb61144dd4e_unnamed.png]
[flow.com/token-distribution.html]
[assets-global.website-files.com/5f734f4dbd95382f4fdfa0ea/6395dfbbd53b2c5efb97b634_Flow.com_wordmark_BlackText.png]
[flow.com/mediakit.html]
[flow.com/careers.html]
[assets-global.website-files.com/5f734f4dbd95382f4fdfa0ea/6276a7823595ee03e0a02c3d_Head 1 (1).png]
[flow.com/faq.html]
[flow.com/authors/flow.html]
[assets-global.website-files.com/618c953e65cc2ba3f44d1a02/63d0d1f497974d0711bc763a_1.2 - doodles2_pose01.jpg]
[assets-global.website-files.com/618c953e65cc2ba3f44d1a02/63d0d19cf0864eb26868631c_doodlekit.gif]
[assets-global.website-files.com/618c953e65cc2ba3f44d1a02/63d0d1d9a383ce5873a6255d_1.1 - doodles2-HERO.jpg]
[flow.com/post/flow-blockchain-doodles-2-announcement.html]
[assets-global.website-files.com/5f734f4dbd95382f4fdfa0ea/63cfa62f11690042074fb3ba_Dimension X.png]
[flow.com/post/hybrid-custody-on-flow.html]
[flow.com/authors/dieter-shirley.html]
[flow.com/authors/brian-astrove.html]
[substackcdn.com/image/fetch/f_auto,q_auto_good,fl_progressive_steep/https_/substack-post-media.s3.amazonaws.com/public/images/e1e0a87d-a387-4fcc-888b-3e4b807097a4_1600x900.png]
[assets-global.website-files.com/618c953e65cc2ba3f44d1a02/641b32bcf3100e33ae813b3e_https%3A%2F%2Fsubstack-post-media.s3.amazonaws.com%2Fpublic%2Fimages%2Fe1e0a87d-a387-4fcc-888b-3e4b807097a4_1600x900.png]
[substackcdn.com/image/fetch/f_auto,q_auto_good,fl_progressive_steep/https_/substack-post-media.s3.amazonaws.com/public/images/906e678c-d3de-4ab6-9931-47b67c7eb498_1600x900.jpg]
[assets-global.website-files.com/618c953e65cc2ba3f44d1a02/641b32bcdd98500ddb1f0c3f_https%3A%2F%2Fsubstack-post-media.s3.amazonaws.com%2Fpublic%2Fimages%2F906e678c-d3de-4ab6-9931-47b67c7eb498_1600x900.jpg]
[ahrefs.com/blog/wp-content/uploads/2019/11/google-websearch-simplified.png]
[substackcdn.com/image/fetch/f_auto,q_auto_good,fl_progressive_steep/https_/substack-post-media.s3.amazonaws.com/public/images/9fe7a7c1-9dbf-4d3e-b6cd-8b14536ababe_1600x417.png]
[assets-global.website-files.com/618c953e65cc2ba3f44d1a02/641b32bc41da74b89e80ce6f_https%3A%2F%2Fsubstack-post-media.s3.amazonaws.com%2Fpublic%2Fimages%2F9fe7a7c1-9dbf-4d3e-b6cd-8b14536ababe_1600x417.jpg]
[substackcdn.com/image/fetch/f_auto,q_auto_good,fl_progressive_steep/https_/substack-post-media.s3.amazonaws.com/public/images/07064741-44df-464d-8866-1bd992e64293_1600x900.png]
[assets-global.website-files.com/618c953e65cc2ba3f44d1a02/641b32bdaca6254bfc8f5159_https%3A%2F%2Fsubstack-post-media.s3.amazonaws.com%2Fpublic%2Fimages%2F07064741-44df-464d-8866-1bd992e64293_1600x900.jpg]
[substackcdn.com/image/fetch/f_auto,q_auto_good,fl_progressive_steep/https_/substack-post-media.s3.amazonaws.com/public/images/9fbf04a7-97d8-492c-9421-65395107dcc0_1600x900.png]
[assets-global.website-files.com/618c953e65cc2ba3f44d1a02/641b32bda8007f4c26c71c13_https%3A%2F%2Fsubstack-post-media.s3.amazonaws.com%2Fpublic%2Fimages%2F9fbf04a7-97d8-492c-9421-65395107dcc0_1600x900.jpg]
[assets-global.website-files.com/618c953e65cc2ba3f44d1a02/641b32beb2655706434daf85_Rohan_0g.jpg]
[assets-global.website-files.com/618c953e65cc2ba3f44d1a02/641b32bd66e700606ed0cca6_Zeneca.jpg]
[assets-global.website-files.com/618c953e65cc2ba3f44d1a02/641b32bd4c0775e4cde4279f_https%3A%2F%2Fpbs.substack.com%2Fmedia%2FFqYNQ8ZWAAA1-2k.jpg]
[assets-global.website-files.com/618c953e65cc2ba3f44d1a02/641b32bd4c077502a7e427b6_wabdoteth.jpg]
[assets-global.website-files.com/618c953e65cc2ba3f44d1a02/641b32bda8007fcf8ac71c34_koeppelmann.jpg]
[assets-global.website-files.com/618c953e65cc2ba3f44d1a02/641b32bd6976b60b15dee05b_https%3A%2F%2Fpbs.substack.com%2Fmedia%2FFqbwoDTaQAEzTSf.jpg]
[assets-global.website-files.com/618c953e65cc2ba3f44d1a02/641b32bde3c9b5e2481c8401_jniset.jpg]
[assets-global.website-files.com/618c953e65cc2ba3f44d1a02/641b32bdf3100e50f1813b97_divine_economy.jpg]
[substackcdn.com/image/fetch/f_auto,q_auto_good,fl_progressive_steep/https_/substack-post-media.s3.amazonaws.com/public/images/9749b4f4-1664-4868-ace2-b15df9f636f6_726x521.jpg]
[assets-global.website-files.com/618c953e65cc2ba3f44d1a02/641b32bd2b13aa2991050018_https%3A%2F%2Fsubstack-post-media.s3.amazonaws.com%2Fpublic%2Fimages%2F9749b4f4-1664-4868-ace2-b15df9f636f6_726x521.jpg]
[substackcdn.com/image/fetch/f_auto,q_auto_good,fl_progressive_steep/https_/substack-post-media.s3.amazonaws.com/public/images/951dd42a-4024-45c0-bc5d-2a97ce79bedc_1920x1080.png]
[assets-global.website-files.com/618c953e65cc2ba3f44d1a02/641b32bef3100e8f4c813ce3_https%3A%2F%2Fsubstack-post-media.s3.amazonaws.com%2Fpublic%2Fimages%2F951dd42a-4024-45c0-bc5d-2a97ce79bedc_1920x1080.jpg]
[substackcdn.com/image/fetch/f_auto,q_auto_good,fl_progressive_steep/https_/substack-post-media.s3.amazonaws.com/public/images/b66a866c-baef-4a88-82f1-8f0c4e660c64_1920x1080.png]
[assets-global.website-files.com/618c953e65cc2ba3f44d1a02/641b32bea8007f3b43c71cf3_https%3A%2F%2Fsubstack-post-media.s3.amazonaws.com%2Fpublic%2Fimages%2Fb66a866c-baef-4a88-82f1-8f0c4e660c64_1920x1080.jpg]
[substackcdn.com/image/fetch/f_auto,q_auto_good,fl_progressive_steep/https_/substack-post-media.s3.amazonaws.com/public/images/bed1f553-e696-4279-9648-38ce4bc5c16a_1920x1080.png]
[assets-global.website-files.com/618c953e65cc2ba3f44d1a02/641b32bee0540bac3766ade1_https%3A%2F%2Fsubstack-post-media.s3.amazonaws.com%2Fpublic%2Fimages%2Fbed1f553-e696-4279-9648-38ce4bc5c16a_1920x1080.jpg]
[flow.com/post/account-abstraction-and-the-race-to-1-billion-users.html]
[flow.com/post/flow-blockchain-news-analysis-ownership-account-model.html]
[flow.com/post/walletless-onboarding-hybrid-custody-demo.html]
[assets-global.website-files.com/618c953e65cc2ba3f44d1a02/6418ce1853cae98e66075e56_qFcD-ULrYG-_Qd6yrs2rzg1sZv6VZibM4V_CV3a_vk8xjGX6WcExpybGDcuQ9DnI_3kQMBzZj5OeAb8ijs2yL9RrIwARVH75srMaQK1lscfjJ9Mqq6oHXJe0cH-YJoBgnEBs0_Dz6wUhfM18o]
[flow.com/authors/ramtin-mehdizadeh-seraj.html]
[assets-global.website-files.com/618c953e65cc2ba3f44d1a02/6418ce185547440bb2dd63db_tgcITqV3Wpr6RYYIkslUAPFvEyyGnwRwW3ul_QhPEARGARAzfFAwK0Zbve7YUsdJgdy4r1cEBScFsvwlyoOVkD_kpA6JvJDVCoIJ8ryMPThaxAaQTQVlatPoOPDY5uw7zycKHb63goinokSF8]
[assets-global.website-files.com/618c953e65cc2ba3f44d1a02/6418ce1910e09164ddecfb62_J4OdM6c6qSEjCOxxUfN37l7SmsxZipKVXgJ6mF9JoW2_zV-fC5QXQtjG69ImAAwGvnD1VSU9_YnCKW5TXQohuwPr7Cnys6KIdU9xCkTPxEqyd_saH19ma2aYyk4FCxwe0fawFRiioRuIse-i-]
[assets-global.website-files.com/618c953e65cc2ba3f44d1a02/6418ce1971c846a98badbbc1_hSdzrHVw3VO88SF5JRS5YGR4PALrIigxgZhPiWW9hBtbuvgs-rbQ4rNqrRfq72PQcc7vFBc0fqMwfCp6O2AhM9vF9DPvaCtP0GfhJH8WMJ228-X5fJvHXUDujHc1GJ5uywaXqbNQoNOFO3J-y]
[flow.com/post/flow-blockchain-cadence-programming-language-survey.html]
[assets-global.website-files.com/618c953e65cc2ba3f44d1a02/62ffcea67ea1b38800d0516b_survey.jpg]
[assets-global.website-files.com/618c953e65cc2ba3f44d1a02/62f3a4da3498670a68309e43_62d9a1e7aaeb8c5250ede16a_image%20(24).png]
[assets-global.website-files.com/618c953e65cc2ba3f44d1a02/62f3a4ea0d180fbd8d146185_62c48a14952d81443b1d1efa_permisionless.jpg]
[assets-global.website-files.com/618c953e65cc2ba3f44d1a02/62f3a4e52a9d956f0c59147b_6260a0a79495531831a4114e_kitty%20items.jpg]
[flow.com/post/flow-blockchain-cadence-programming-language-resources-assets.html]
[assets-global.website-files.com/618c953e65cc2ba3f44d1a02/62f3a4d1147093373a6d367e_60ef0ee8d0ab4a4613a1f39f_Flow_Cadence_A.png]
[flow.com/post/inside-flow-the-power-of-simplicity-with-fcl.html]
[assets-global.website-files.com/618c953e65cc2ba3f44d1a02/62f3a4dd7d04301612fd4c09_60c17604ed59b8f90a65f645_FCL%20Blog2.jpg]
[flow.com/post/flow-blockchain-cadence-programming-language.html]
[assets-global.website-files.com/618c953e65cc2ba3f44d1a02/62f3a4d15a05663362af0757_60b9117079fbabab069424cb_1_2H3NQ-tyw8QsYM_Hkl-gjA.png]
[flow.com/post/interact-with-flow-using-ruby.html]
[assets-global.website-files.com/618c953e65cc2ba3f44d1a02/62f3a4debc7fb443f4ce93a3_5f8f820c6a26753ddfddfa2d_Interact%20with%20Flow%20using%20Ruby.png]
[flow.com/post/intro-to-flow-with-go-sdk.html]
[assets-global.website-files.com/618c953e65cc2ba3f44d1a02/62f3a4de7aa39384ef6466e6_5f6294c0c7a8cd3c4eb1c9b9_Intro%20to%20Flow%20with%20Go%20SDK.png]
[flow.com/post/flow-sdk-release.html]
[assets-global.website-files.com/618c953e65cc2ba3f44d1a02/62f3a4db74114733c03d40d4_5f6294c0c7a8cd20ecb1c9ad_Ck%20flowtron%20teaser%20update%20yellow%20(2).png]
[flow.com/post/introducing-the-flow-playground.html]
[assets-global.website-files.com/618c953e65cc2ba3f44d1a02/62f3a4de523cfa9d9b857f2a_5f6294c0c7a8cd8265b1c95f_FlowPlayground_OG_Images_Social%20Image%20copy.png]
[flow.com/post/resources-programming-ownership.html]
[assets-global.website-files.com/618c953e65cc2ba3f44d1a02/62f3a4ebc328336f19c16361_5f6294c0c7a8cdc346b1c8c9_Quote%20Temp%201-a.jpg]
[flow.com/categories/developers.html]
[flow.com/post/how-to-grow-a-community-around-your-project.html]
[assets-global.website-files.com/618c953e65cc2ba3f44d1a02/62f3a4dd09514d05af9a04a1_6018d22d2305aa227ee7f9b7_How%20to%20grow%20your%20community.png]
[flow.com/post/flow-blockchain-fungible-tokens-guide.html]
[assets-global.website-files.com/618c953e65cc2ba3f44d1a02/63489880329b920385166c6e_Blog Image - How to Launch a Fungible Token on Flow - Guide v2 (1).png]
[flow.com/post/flow-blockchain-multi-node-architecture-advantages.html]
[assets-global.website-files.com/618c953e65cc2ba3f44d1a02/62f3a4d533f545802d3860b0_6143728c4909ca0adba869a4_Flow_Blog-Inside%20Flow.png]
[flow.com/post/flow-blockchain-music-industry-partnerships-caty-tedman.html]
[assets-global.website-files.com/618c953e65cc2ba3f44d1a02/62f3a4d54f632f2054a4b282_6092f94315abb027fc068310_insights2.jpg]
[flow.com/post/supply-chain-management-and-blockchain-technology.html]
[assets-global.website-files.com/618c953e65cc2ba3f44d1a02/62f3a4ec87c55487ef77e8c6_6009e80aff237fd0adb31089_Supply%20chain%20management%20and%20blockchain%20technology.png]
[flow.com/post/how-to-fund-a-blockchain-startup.html]
[assets-global.website-files.com/618c953e65cc2ba3f44d1a02/62f3a4dcb878d6054158006a_5ff7731b23ba2d393d6bbf6a_A%20year%20in%20review%20(3).png]
[flow.com/post/flow-port-is-here.html]
[assets-global.website-files.com/618c953e65cc2ba3f44d1a02/62f3a4da449f5e82e4ce7d3b_5fc17973234e057460087d6f_Flow%20Port%20(2).png]
[flow.com/post/using-ledger-nano-with-flow.html]
[assets-global.website-files.com/618c953e65cc2ba3f44d1a02/62f3a4ee01f8f1346ae9c863_5f6294c0c7a8cdecfcb1c9ce_ledger_logo_blogthumb.png]
[flow.com/post/flow-at-consensus-distributed-roadmap-and-mainstream-adoption.html]
[assets-global.website-files.com/618c953e65cc2ba3f44d1a02/62f3a4cf901bb2221343c0f7_5f6294c0c7a8cd6f97b1c988_Flow%20at%20Consensus_%20Distributed_%20Roadmap%20and%20Mainstream%20Adoption.png]
[flow.com/categories/education.html]
[flow.com/engineering-blogs/upgrading-flows-consensus-follower-to-boost-attack-resilience-and-processing-speed.html]
[flow.com/engineering-blogs/jolteon-advancing-flows-consensus-algorithm.html]
[flow.com/engineering-blogs/golang-services-improving-observability.html]
[assets-global.website-files.com/618c953e65cc2ba3f44d1a02/6418d3cd7c6d624843a412b5_Blog Image - Improving Observability of Golang Services.png]
[flow.com/engineering-blogs/flow-blockchain-programming-language-smart-contract-cadence-solidity-comparison-ethereum.html]
[assets-global.website-files.com/618c953e65cc2ba3f44d1a02/63d027908396030df5ed4e6b_Blog Image - Comparing Cadence vs Solidity.png]
[flow.com/engineering-blogs/heres-what-the-flow-smart-contract-team-and-i-are-working-on-for-the-near-future.html]
[flow.com/engineering-categories/blockchain.html]
[flow.com/engineering-blogs/verify-usdc-balance-and-nft-meta-data-with-proof.html]
[flow.com/engineering-blogs/introduction-to-flow-blockchain.html]
[flow.com/engineering-blogs/introduction-to-flow-blockchain-part-2.html]
[flow.com/engineering-categories/cadence.html]
[flow.com/engineering-blogs/how-do-i-check-msg-sender-in-cadence-capabilities.html]
[flow.com/engineering-blogs/optionals-in-cadence-not-optional.html]
[flow.com/engineering-blog.html]
[flow.com/post/announcing-flow-to-the-future-global-hackathon.html]
[flow.com/post/unity-sdk-2-0-supercharge-game-development-with-unity-se.html]
[flow.com/post/flow-fundamentals-behind-trusting-where-you-build.html]
[flow.com/authors/ash-muller.html]
[assets-global.website-files.com/618c953e65cc2ba3f44d1a02/648b8bea05796cfd69336fb7_Dva2GmRoOM2fgasFcsvoH74kcRUUpIAa7xeb5PKcSAGX1hVXatqzdjBNaZtPnuSRlSM64XCwawg1kUwzFxg2EX_wXeZByauEzkWVsXEQ-rI8KeU0ynqI0TGMhq8ePmCws7cV46pdYC_QZAGn9]
[assets-global.website-files.com/618c953e65cc2ba3f44d1a02/648b8bea19cddbe4971d3bd5_DytcFp4SNW94VmD02OtXgmxa3J_5HUqcVAIPy0ZO6U66v-8WFzwt2uHX4lvxJq2Ua9VsnO5_-c-llC2ZXt5NtLGNvYRQOi8VG4YZPmxyhOfXWN59O9EXjkziTyTwIRf2kjNaCRQ-q1Y0Ynv9O]
[assets-global.website-files.com/618c953e65cc2ba3f44d1a02/648b8bea1f4e7b8b12e80898_MrmsQ4NWk2k3F1vvBHHLJzT46xcldlkkT2BTxsva0rwwIlk_EZVVYz72zKFWf3JHlUI-dy-APakj-BisE48Z3TaK13TQdWB3j3mxxTnyKq6bp3C-OCxLnEA2IKjNTH7NyHVuz1cuhrmJMyFlj]
[flow.com/authors/jacob-tucker.html]
[assets-global.website-files.com/618c953e65cc2ba3f44d1a02/6481f93dcf5ca94ba6b266bc_af55f4bf.png]
[assets-global.website-files.com/618c953e65cc2ba3f44d1a02/6481f93d408dbb2381051303_51f92dbf.png]
[assets-global.website-files.com/618c953e65cc2ba3f44d1a02/6481f93d39107e693061fa05_27090a86.png]
[assets-global.website-files.com/618c953e65cc2ba3f44d1a02/6481f93d9fd1af4d06ae878a_c00ac7fa.png]
[assets-global.website-files.com/618c953e65cc2ba3f44d1a02/6481f93dc3d0d20bfe1962d1_09cc7def.png]
[flow.com/post/implementing-the-bored-ape-yacht-club-smart-contract-in-cadence.html]
[flow.com/post/flow-network-upgrade-june-2023.html]
[flow.com/authors/vishal-changrani.html]
[flow.com/authors/metrika-team.html]
[assets-global.website-files.com/618c953e65cc2ba3f44d1a02/64641b21b00ba5e12ab66039_186d7db1.png]
[assets-global.website-files.com/618c953e65cc2ba3f44d1a02/64641b21af92e67553e7a0e5_602bacc8.png]
[assets-global.website-files.com/618c953e65cc2ba3f44d1a02/64641b22c31d427c025d9582_e15d9b54.png]
[assets-global.website-files.com/618c953e65cc2ba3f44d1a02/64641b21b00ba5e12ab6604a_90cf9f4e.png]
[flow.com/post/introducing-the-network-overview-dashboard.html]
[assets-global.website-files.com/618c953e65cc2ba3f44d1a02/645bb956763925fe6c9c89d6_FvszxQPXoAAn3RC.png]
[assets-global.website-files.com/618c953e65cc2ba3f44d1a02/645bb9a254f0f00349a08a1f_FvszxQJWABIe_na.png]
[assets-global.website-files.com/618c953e65cc2ba3f44d1a02/645bb97476a017092dbc6aa7_FvszxQRWYAEODUH.png]
[flow.com/post/barbie-and-boss-beauties-launch-career-themed-barbie-collectibles-on-flow.html]
[assets-global.website-files.com/618c953e65cc2ba3f44d1a02/6450596da7feaf08a4438066_flow-logo-colour.png]
[assets-global.website-files.com/618c953e65cc2ba3f44d1a02/6450596ed887d3c7de91ee5e_Flow-Product-Co-Founder-Layne-Lafrance-Top-Shot-Doodles-2023-cryptokitties.jpg]
[assets-global.website-files.com/618c953e65cc2ba3f44d1a02/6450596e473476e463d2c8fd_Flow-Product-Co-Founder-Layne-Lafrance-Top-Shot-Doodles-2023-nba-top-shot.jpg]
[assets-global.website-files.com/618c953e65cc2ba3f44d1a02/6450596edd623168e5ecb2ba_Flow-Product-Co-Founder-Layne-Lafrance-Top-Shot-Doodles-2023-hybrid-custody.jpg]
[assets-global.website-files.com/618c953e65cc2ba3f44d1a02/6450596e697a5f44b32eb2dc_Flow-Product-Co-Founder-Layne-Lafrance-Top-Shot-Doodles-2023-doodles2.jpg]
[assets-global.website-files.com/618c953e65cc2ba3f44d1a02/6450596edb6fb4434550fce3_Flow-Product-Co-Founder-Layne-Lafrance-Top-Shot-Doodles-2023-projects.jpg]
[assets-global.website-files.com/618c953e65cc2ba3f44d1a02/6450596ed887d3a72b91ee5f_Flow-Product-Co-Founder-Layne-Lafrance-Top-Shot-Doodles-2023-walletless-onboarding.jpg]
[assets-global.website-files.com/618c953e65cc2ba3f44d1a02/6450596ea7feafe1a84380e0_Flow-Product-Co-Founder-Layne-Lafrance-Top-Shot-Doodles-2023-security.jpg]
[assets-global.website-files.com/618c953e65cc2ba3f44d1a02/6450596ed887d3413e91ee60_Flow-Product-Co-Founder-Layne-Lafrance-Top-Shot-Doodles-2023-cadence.jpg]
[assets-global.website-files.com/618c953e65cc2ba3f44d1a02/6450596edc274a4e7b16b2a7_Flow-Product-Co-Founder-Layne-Lafrance-Top-Shot-Doodles-2023-hackathon.jpg]
[flow.com/post/flows-product-co-founder-layne-lafrance-on-top-shot-doodles-and-2023.html]
[assets-global.website-files.com/618c953e65cc2ba3f44d1a02/644c0c241a6dd03aa35cd902_Doodles Stoodio beta experience on Flow_Final.gif]
[flow.com/post/the-doodles-2-stoodio-beta-experience-is-live-on-flow.html]
[flow.com/post/flow-ecosystem-highlights-q1-2023.html]
[flow.com/post/animoca-brands-on-flow-week.html]
[assets-global.website-files.com/618c953e65cc2ba3f44d1a02/6418cdd202be8ec1c62979a3_Blog Image - DEMO Walletless + Hybrid Custody.png]
[assets-global.website-files.com/618c953e65cc2ba3f44d1a02/64384f5ffb15af082de7734c_VIVJFM-WlnnBuGwIyn6SXQ21vFlo4iz_BNm752TDz_pegzVJbIuuRu0GHpsLzv-5iRPRcJOHKAYhlVIdFx6dirBJ4CUm0aYfrhHJjVIiCFNl5lv848yfiPiqZTiElGkI8BMMWdVYOi1jBXAu1]
[assets-global.website-files.com/618c953e65cc2ba3f44d1a02/6413a027023f07a62beacb50_Screenshot 2023-02-21 at 16.12.51.png]
[assets-global.website-files.com/618c953e65cc2ba3f44d1a02/6413a04c93eb409f2a955c0a_Screenshot 2023-02-21 at 15.40.51.png]
[assets-global.website-files.com/618c953e65cc2ba3f44d1a02/6413a06605eeb7d85396522e_ray-so-export.png]
[assets-global.website-files.com/618c953e65cc2ba3f44d1a02/6413a07dbd10d832c520cbf2_Untitled (1).png]
[assets-global.website-files.com/618c953e65cc2ba3f44d1a02/6413a09a5bba153101815b27_Screenshot 2023-03-07 at 11.16.32 AM.png]
[assets-global.website-files.com/618c953e65cc2ba3f44d1a02/6413a0b63d3fd39177467dd5_Untitled (2).png]
[flow.com/post/tooling-guide-for-flow-development.html]
[flow.com/post/flow-sdk-for-unity-pushing-the-boundaries-of-web3-gaming.html]
[flow.com/post/growing-the-future-of-flow-together.html]
[flow.com/post/flow-blockchain-developers-solutions-build-on-flow.html]
[flow.com/post/flow-blockchain-hackathon-developers-prizes.html]
[flow.com/authors/layne-lafrance.html]
[flow.com/post/flow-blockchain-ecosystem-community-wallets-apps-developers.html]
[www.instagram.com/embed.js]
[assets-global.website-files.com/618c953e65cc2ba3f44d1a02/63c991446096fa054491be9b_Transaction_Time_To_finality_Jolteon-consensus.png]
[flow.com/post/flow-blockchain-news-network-upgrades-spork-january-scalable-resilient-accessible.html]
[flow.com/post/flow-blockchain-news-core-protocol-updates-ecosystem-priorities.html]
[assets-global.website-files.com/618c953e65cc2ba3f44d1a02/63a10ac6f687d712b5b8b421_Blog Image - Ecosystem Priorities - Core Protocol.png]
[flow.com/post/flow-blockchain-news-developer-tools-ecosystem-priorities-update.html]
[assets-global.website-files.com/618c953e65cc2ba3f44d1a02/63a0f4c8230877230a6d1754_Blog Image - Ecosystem Priorities - Dev Tooling.png]
[flow.com/post/flow-blockchain-news-cadence-smart-contract-language-ecosystem-priorities.html]
[assets-global.website-files.com/618c953e65cc2ba3f44d1a02/63a0f9a89fcbc2e8fd8cd6d1_Blog Image - Ecosystem Priorities - Cadence.png]
[flow.com/post/flow-blockchain-news-smart-contract-ecosystem-priorities.html]
[assets-global.website-files.com/618c953e65cc2ba3f44d1a02/63a0fc3109625109f7799926_Blog Image - Ecosystem Priorities - Smart Contract Ecosystems.png]
[flow.com/post/flow-blockchain-news-economics-protocol-updates.html]
[assets-global.website-files.com/618c953e65cc2ba3f44d1a02/63a10d0b359ab010ac87afc2_Blog Image - Ecosystem Priorities - Protocol Economics.png]
[flow.com/post/flow-blockchain-news-protocol-governance-updates-ecosystem-priorities.html]
[assets-global.website-files.com/618c953e65cc2ba3f44d1a02/63a10e6662ffe9c5637210e7_Blog Image - Ecosystem Priorities - Protocol Governance.png]
[flow.com/post/flow-blockchain-news-update-town-hall-data-stats-cadence-node-operation.html]
[assets-global.website-files.com/618c953e65cc2ba3f44d1a02/63991d81e674637e6f9a08ff_dectownhall.jpg]
[flow.com/post/flow-blockchain-ecosystem-priorities-developer-tools-smart-contracts-protocol-cadence.html]
[assets-global.website-files.com/618c953e65cc2ba3f44d1a02/639a4e85fff6b39a2b0c5be4_Blog Image - Ecosystem Priorities.png]
[flow.com/post/flow-blockchain-news-developer-grant-program-update.html]
[assets-global.website-files.com/618c953e65cc2ba3f44d1a02/63938a071ff6b14ab460798d_Blog Image - Flow Dev Grants_ End of Year Roundup.png]
[flow.com/post/flow-blockchain-node-operation-archive-node.html]
[assets-global.website-files.com/618c953e65cc2ba3f44d1a02/638fab985b5c560dea7d6aad_Blog Image - CommunityArchiveNode (1).png]
[flow.com/post/flow-blockchain-web3-outlook-ftx.html]
[assets-global.website-files.com/618c953e65cc2ba3f44d1a02/6372fa3b534dd233ee1e90cd_Blog Image - Recentering.png]
[flow.com/post/flow-blockchain-ambassador-program.html]
[assets-global.website-files.com/618c953e65cc2ba3f44d1a02/634ef10fc3e739bda5c11034_hero.jpg]
[flow.com/post/discord-bot-flow-blockchain-emerald-city-dao.html]
[assets-global.website-files.com/618c953e65cc2ba3f44d1a02/6337135aacef10039ae60678_image (28).png]
[assets-global.website-files.com/618c953e65cc2ba3f44d1a02/6320ca241b4f0e5519a78ba6_NFTDay_OGImage.jpg]
[flow.com/post/ethereum-merge-flow-blockchain-proof-of-stake-pos-sustainability-energy.html]
[assets-global.website-files.com/618c953e65cc2ba3f44d1a02/6322ab8a07b6f709606552f2_62f3a4d30ae83f6fdb6812e8_61267aacc03c38959225d045_Flow_SOF-Welcome-p-800 (1).png]
[flow.com/post/international-nft-day-holiday-flow-blockchain-dapper-labs-official.html]
[flow.com/post/flow-blockchain-permissionless-observer-node-operation.html]
[assets-global.website-files.com/618c953e65cc2ba3f44d1a02/630783b31f624cc363fc9794_6143728c4909ca0adba869a4_Flow_Blog-Inside Flow.png]
[flow.com/post/onefootball-serie-a-nfts-aera-flow-blockchain.html]
[assets-global.website-files.com/618c953e65cc2ba3f44d1a02/635421d1db028e759485957b_62f52911f4cfc47aadebfd98_220628_OF_ItsYours_MediumBlog_1600x900.jpg]
[flow.com/post/flow-blockchain-game-football-simulator-metaverse-league.html]
[assets-global.website-files.com/618c953e65cc2ba3f44d1a02/62f3a4d40d180f4588145f71_62e7febd7ede66857872c16d_IMAGES%20WHITEPAPER(10).png]
[flow.com/post/flow-blockchain-fewocious-billboard-chartstars-nft.html]
[assets-global.website-files.com/618c953e65cc2ba3f44d1a02/62f3a4d30b52a60b3012ac85_62e2b35a0151f8b130ae12c9_FewoStudio1600x900.png]
[flow.com/post/flow-blockchain-cuvee-collective-wine-nft-club.html]
[assets-global.website-files.com/618c953e65cc2ba3f44d1a02/62f3a4d298e3d8ca4f6e37f1_62dee8fd20279ebd41d91616_logo-vineyard-1.jpg]
[flow.com/post/the-rogue-bunnies-flow-blockchain-playboy-playmates-mansion.html]
[assets-global.website-files.com/618c953e65cc2ba3f44d1a02/62f3a4ed4f632f0f45a4b2ec_62db1c0f4d658f5d11eb7cb1_banner%20fro%20drew%20and%20dapper%20RB.png]
[flow.com/post/flow-blockchain-solarpups-dog-breeding-interactive-ar-game-krikey-app.html]
[assets-global.website-files.com/618c953e65cc2ba3f44d1a02/62f3a4d733f545a8e63860bb_62d98bc35519b2f5a8eba794_unnamed%20(2).png]
[flow.com/blogb40b.html]
[flow.com/post/permissionless-smart-contract-deployment-flow-blockchain.html]
[assets-global.website-files.com/5f734f4dbd95382f4fdfa0ea/644fe62bbd1a1a199b15442e_cryptotys.png]
[assets-global.website-files.com/618c953e65cc2ba3f44d1a02/62f3a4eb0d180fdfc4146194_62c47e0d37da0ded05189130_vUQJlT6HDya2LRvizYX5tAFbCMuhUKbG6v208W3qZuywZbOMavuok6DBgrHS93U6ZGGzJ1R7t-CZdfEjUlidDZe3LY1krjTAGiJHVsjdkyMT1NKOyQIWnexl]
[assets-global.website-files.com/5f734f4dbd95382f4fdfa0ea/644fe62b5b604faee6a41321_genies.png]
[assets-global.website-files.com/5f734f4dbd95382f4fdfa0ea/6451178cf9960c4af6c51959_joyride-logo.png]
[assets-global.website-files.com/5f734f4dbd95382f4fdfa0ea/644fe62b1a75429399e43254_livenation.png]
[assets-global.website-files.com/5f734f4dbd95382f4fdfa0ea/644fe5febfd2f50de01bb417_animoca.png]
[assets-global.website-files.com/5f734f4dbd95382f4fdfa0ea/644fe62cd017b2065658d080_ziazao.png]
[assets-global.website-files.com/5f734f4dbd95382f4fdfa0ea/644fe62ba9404f5283c567d4_dimensionx.png]
[assets-global.website-files.com/5f734f4dbd95382f4fdfa0ea/644fe62b0cc9a678169a6930_bloxmith.png]
[assets-global.website-files.com/5f734f4dbd95382f4fdfa0ea/645118fc6386e8369529137f_joyride-thumbnail.png]
[assets-global.website-files.com/5f734f4dbd95382f4fdfa0ea/644ff1eafaf79cc2ee4c5623_DMX_Landing_Logo.png]
[assets-global.website-files.com/5f734f4dbd95382f4fdfa0ea/644ff5b6d51fe373916f9b9d_thumbnail-dimension-x.png]
[assets-global.website-files.com/5f734f4dbd95382f4fdfa0ea/644fff981c15814e9a5d769a_blockchain-game.jpg]
[assets-global.website-files.com/5f734f4dbd95382f4fdfa0ea/644fff987599b83fb0968668_demo-experience-walletless.jpg]
[assets-global.website-files.com/5f734f4dbd95382f4fdfa0ea/644fff98121747571c98c2ff_hybrid-custody.jpg]
[flow.com/use-case/gaming.html]
[assets-global.website-files.com/5f734f4dbd95382f4fdfa0ea/6451178c5d151726414f43a8_increment-logo.png]
[assets-global.website-files.com/5f734f4dbd95382f4fdfa0ea/645118fbe1d7755e0f32caae_increment-thumbnail.png]
[assets-global.website-files.com/5f734f4dbd95382f4fdfa0ea/64511d3c51f6e3c626c1a57a_flowty.png]
[assets-global.website-files.com/5f734f4dbd95382f4fdfa0ea/645118fb5082145f2dcd85f3_flowty-thumbnail.png]
[assets-global.website-files.com/5f734f4dbd95382f4fdfa0ea/64512abd7ab859468f1b9a06_cadence-flow.jpg]
[flow.com/use-case/defi.html]
[cdnjs.cloudflare.com/ajax/libs/prism/1.29.0/themes/prism.min.css]
[flow.com/cdn-cgi/l/email-protection.html]
[assets-global.website-files.com/618c953e65cc2ba3f44d1a02/63939298f765ffebb8afd611_Chris Ackermann Headshot.jpg]
[flow.com/authors/chris-ackermann.html]
[flow.com/node-validators.html]
[assets-global.website-files.com/618c953e65cc2ba3f44d1a02/6376044e7d9a2d41b539774d_flow-flow-logo.png]
[flow.com/authors/flow.html]
[assets-global.website-files.com/618c953e65cc2ba3f44d1a02/63f808c5c65d8aeabb6a3edc_Dieter Shirley.jpg]
[flow.com/authors/dieter-shirley.html]
[flow.com/authors/brian-astrove.html]
[assets-global.website-files.com/618c953e65cc2ba3f44d1a02/63eea34b9702e9256cb8729c_rec.jpg]
[flow.com/authors/ramtin-mehdizadeh-seraj.html]
[assets-global.website-files.com/618c953e65cc2ba3f44d1a02/62ffd00c45443594a3679e5f_unnamed.png]
[flow.com/post/flow-blockchain-cadence-programming-language-survey.html]
[assets-global.website-files.com/618c953e65cc2ba3f44d1a02/62f3a4d11470931cda6d367c_60ef0ee8d0ab4a4613a1f39f_Flow_Cadence_A.png]
[flow.com/post/flow-blockchain-cadence-programming-language-resources-assets.html]
[assets-global.website-files.com/618c953e65cc2ba3f44d1a02/62f3a4dd7d043026affd4c0b_60c1760c2e4e7a2fbea51de7_FCL%20Blog2.png]
[flow.com/post/inside-flow-the-power-of-simplicity-with-fcl.html]
[flow.com/post/flow-blockchain-cadence-programming-language.html]
[flow.com/post/interact-with-flow-using-ruby.html]
[assets-global.website-files.com/618c953e65cc2ba3f44d1a02/62f3a4de7aa39316a06466e7_5f6294c0c7a8cd3c4eb1c9b9_Intro%20to%20Flow%20with%20Go%20SDK.png]
[flow.com/post/intro-to-flow-with-go-sdk.html]
[assets-global.website-files.com/618c953e65cc2ba3f44d1a02/62f3a4db741147808f3d40d6_5f6294c0c7a8cd20ecb1c9ad_Ck%20flowtron%20teaser%20update%20yellow%20(2).png]
[assets-global.website-files.com/618c953e65cc2ba3f44d1a02/62f3a4db741147ff153d40d5_5f6294c0c7a8cd20ecb1c9ad_Ck%20flowtron%20teaser%20update%20yellow%20(2).png]
[flow.com/post/flow-sdk-release.html]
[assets-global.website-files.com/618c953e65cc2ba3f44d1a02/62f3a4de523cfa2de7857f29_5f6294c0c7a8cd8265b1c95f_FlowPlayground_OG_Images_Social%20Image%20copy.png]
[flow.com/post/introducing-the-flow-playground.html]
[assets-global.website-files.com/618c953e65cc2ba3f44d1a02/62f3a4ebc328338534c1635f_5f6294c0c7a8cdc346b1c8c9_Quote%20Temp%201-a.jpg]
[flow.com/post/resources-programming-ownership.html]
[flow.com/authors/mateusz-rzeszowski.html]
[assets-global.website-files.com/618c953e65cc2ba3f44d1a02/62f3a4dd09514d061b9a04a0_6018d22d2305aa227ee7f9b7_How%20to%20grow%20your%20community.png]
[flow.com/post/how-to-grow-a-community-around-your-project.html]
[flow.com/post/flow-blockchain-fungible-tokens-guide.html]
[assets-global.website-files.com/618c953e65cc2ba3f44d1a02/62f3a4d533f54528703860b1_6143728c4909ca0adba869a4_Flow_Blog-Inside%20Flow.png]
[flow.com/post/flow-blockchain-multi-node-architecture-advantages.html]
[assets-global.website-files.com/618c953e65cc2ba3f44d1a02/62f3a4d633f545d01d3860b5_61435d4b0e19c94d453def87_ChqrvemiPRqy_8SeAUwZUM6sMC5V74NYB-BngDP_Gxqg9IuNo6QVC5jUr5Sit33pgGEoYi4e9UNj4kItuVNYqxzbZGG5H5eoFiyCwk1K5yZQZg6C_iJb_w0V]
[assets-global.website-files.com/618c953e65cc2ba3f44d1a02/62f3a4d633f54573e93860b3_61435d4b83a3a819fcef71e6_5ArKdvPLD0YMYk30-AV6xsVFUEq0f_l9z7wukbOYffwDDP61PwDv9I74Gt4WFywOXpeYSlcaNsyp2UXGyxBGbcBo8X-x-uln3Y7ZnnVr5ds1nv8YGUOXK7JD]
[assets-global.website-files.com/618c953e65cc2ba3f44d1a02/62f3a4d633f54539013860b6_61435d4dfbe5266c4750d1d5_LFf7GxZVmthRMd9VSxHfnSfYWXen65_61U5aV6Ju9IqoAgaz_ekbR0POS09pnTnrT6MNpR95kJ0U0L8m40oks--jpVQxzGE-i_IRQ5vUfeBbcJW1JeyPEHlu]
[assets-global.website-files.com/618c953e65cc2ba3f44d1a02/62f3a4d633f545fceb3860b4_61435d4ca9813f85607a7239_8wpUqrZJe0kK-mMAVmzpTTUoFinIZJcXT4Ze9f7f6M9mu42jnSXObd20EVBd96F_SIdiDK1mN0CL2VnFac5IqcSv3HKaWrsVirgvCc4nU1ehS9LEVC8er3KQ]
[assets-global.website-files.com/618c953e65cc2ba3f44d1a02/62f3a4d64f632f6f75a4b287_60930edd1118224fef3bbeea_Flow%20Presentation%20_%20Music%20Themes%20_%2004.14.2021%20(1).jpg]
[assets-global.website-files.com/618c953e65cc2ba3f44d1a02/62f3a4d64f632f3b5da4b288_60930ecfd7378785de207cba_Flow%20Presentation%20_%20Music%20Themes%20_%2004.14.2021%20(2).jpg]
[assets-global.website-files.com/618c953e65cc2ba3f44d1a02/62f3a4d64f632fce42a4b28a_60930ec07965d30e335ba805_Flow%20Presentation%20_%20Music%20Themes%20_%2004.14.2021%20(3).jpg]
[assets-global.website-files.com/618c953e65cc2ba3f44d1a02/62f3a4d64f632f69c8a4b28b_60930eedef6bddd47383ea32_Flow%20Presentation%20_%20Music%20Themes%20_%2004.14.2021%20(4).jpg]
[assets-global.website-files.com/618c953e65cc2ba3f44d1a02/62f3a4d64f632fa493a4b289_60930f03e3a75f8d93d54746_Flow%20Presentation%20_%20Music%20Themes%20_%2004.14.2021%20(5).jpg]
[flow.com/post/flow-blockchain-music-industry-partnerships-caty-tedman.html]
[flow.com/post/supply-chain-management-and-blockchain-technology.html]
[assets-global.website-files.com/618c953e65cc2ba3f44d1a02/62f3a4dcb878d6f42d580069_5ff7731b23ba2d393d6bbf6a_A%20year%20in%20review%20(3).png]
[flow.com/post/how-to-fund-a-blockchain-startup.html]
[flow.com/post/flow-port-is-here.html]
[assets-global.website-files.com/618c953e65cc2ba3f44d1a02/62f3a4db449f5e5fe2ce7d5a_5fc149a64bcd5782a5de3127_6jvwTrfWNCHVRQIxRB1Th4HD1Ah7f5BbB7Muo7fZPFgy4dtqxcnV_nwVLKklQg2evNwUPUne7_M9qqv6neSMJ7EUMXyl339J_s3EoctXMIUJ4B9TkXyJa-VV]
[assets-global.website-files.com/618c953e65cc2ba3f44d1a02/62f3a4db449f5ee9efce7d41_5fc149a64bcd57717fde3128_N1YpGwRKn43YlM4oeK9WLSXBpKWWc8UkhA4SoRGGHp32rLso-L8c8UzWjf3NsnW2QEvbBbxiOj-_oSwEkkjcQWqi-UXvnQPtOgcXETqld-6dgCRO5paQYZ_J]
[assets-global.website-files.com/618c953e65cc2ba3f44d1a02/62f3a4db449f5e8946ce7d63_5fc149a6bd65e8755c7b726f__ufPgJRuaKusRUZVWZi1BnZlcgnWi5gsri01waxXca6LyJeGN0Wa7UD2gB8_Or_0wFG5KKTvbgRCksb0uDKe8sc9ZhfnqtTB4jLKuob_SkZ2X-9PMoDWans3]
[assets-global.website-files.com/618c953e65cc2ba3f44d1a02/62f3a4db449f5e2399ce7d64_5fc14c4e2a3ba6526c19c71a_xzjtwsoTJOISd7RF7hb42-AtsNHsz7ZDC9j6CAFhy1ez3cDuXhoPFJltfrehK-jfz5JY0TQKI-gATYRlsPgM1CdG29pLPw1CJkIOAvSqzAVePWMEzGoK_9GC]
[assets-global.website-files.com/618c953e65cc2ba3f44d1a02/62f3a4ee01f8f16181e9c862_5f6294c0c7a8cdecfcb1c9ce_ledger_logo_blogthumb.png]
[assets-global.website-files.com/618c953e65cc2ba3f44d1a02/62f3a4ee01f8f107ede9c866_5fb30888a4dc02b18befd0c5_ledger2.jpg]
[assets-global.website-files.com/618c953e65cc2ba3f44d1a02/62f3a4ee01f8f17646e9c865_5f97239d9eacffcec4ede002_flow-ledger-unlock.png]
[flow.com/post/using-ledger-nano-with-flow.html]
[assets-global.website-files.com/618c953e65cc2ba3f44d1a02/62f3a4cf901bb224ef43c0f8_5f6294c0c7a8cd6f97b1c988_Flow%20at%20Consensus_%20Distributed_%20Roadmap%20and%20Mainstream%20Adoption.png]
[flow.com/post/flow-at-consensus-distributed-roadmap-and-mainstream-adoption.html]
[assets-global.website-files.com/618c953e65cc2ba3f44d1a02/62f3a4ee01f8f1c0d3e9c867_5f6294c0c7a8cd1644b1c9d0_opXbg015npByjr6woEdyUV-1_Z7hGoIF19QZncUy9NmHJPBLVJLUMjzQLJCMK53Z-UORhaQ3fEWgsbNodMIMRheKQ6C9IcdZ9bFKJLwqMt_zTjb8cOm6Sopr]
[flow.com/authors/jordan-schalm.html]
[assets-global.website-files.com/618c953e65cc2ba3f44d1a02/64764d658a28954c019d3957_Blog Image - Upgrading Flow’s Consensus Follower v3.png]
[assets-global.website-files.com/618c953e65cc2ba3f44d1a02/6476363ec94d4fa3043e4844_42c2e2fa.png]
[assets-global.website-files.com/618c953e65cc2ba3f44d1a02/6476363fa5142687bfc4ee9e_33b9e723.png]
[assets-global.website-files.com/618c953e65cc2ba3f44d1a02/6476363fa5142687bfc4ee8b_e84a6d9e.png]
[assets-global.website-files.com/618c953e65cc2ba3f44d1a02/6476363f90161b0dfa1d1ed0_0288c4fc.png]
[assets-global.website-files.com/618c953e65cc2ba3f44d1a02/6476363fa5142687bfc4ee63_b7c6e4c2.png]
[assets-global.website-files.com/618c953e65cc2ba3f44d1a02/6476363f30799ace2c036618_00fa76bb.png]
[flow.com/engineering-blogs/upgrading-flows-consensus-follower-to-boost-attack-resilience-and-processing-speed.html]
[assets-global.website-files.com/618c953e65cc2ba3f44d1a02/64397a4888791d71996cf86c_Blog Image - Jolteon_ Advancing Flow’s Consensus Algorithm.png]
[flow.com/engineering-blogs/jolteon-advancing-flows-consensus-algorithm.html]
[assets-global.website-files.com/618c953e65cc2ba3f44d1a02/64397810c49b0134034fd6de_rB52o0UzT86-cZm1axXMlLH2XkV4ZD4xtGRwJ5gxdBuwuWnUAhRTV7iZUHjSq5VLu9evyl1W1Gu56qlGAGokxCtz-bmV3XjX4D2ZMR8S0A4ACpjX8sdbjLEvSjj3b2YoKONcPdBgW-2rpw3Lz]
[assets-global.website-files.com/618c953e65cc2ba3f44d1a02/643978117215316838105d3f_ZPc2lVQkwJ52d55uKfIcHYzmJzKxCbscCN7ckjQ35Yw0Anun-E6ObiJQ4lkFUlRLujsC5w58CAtw_5z9NasPrPWdg9WKeFRq9WktjvFKuLste9ZSCGf_azbEQLMuywYdfd012GaxVCqmz0fL2]
[assets-global.website-files.com/618c953e65cc2ba3f44d1a02/643978100c6795514d02d5b4_TZelnRU0CfVnGgGvoxTh5QSHjBc6epskV0_yhlRvOp2bXh_7gSiMXp7g4Kgdp-bil5Cy1PokKp_4YCUyBCr3I9WEsQ33rrWymuYId2K3ZhgB2YkWXF-upKUKGPtdu_tWErpYxOvhXZaY1qjEO]
[assets-global.website-files.com/618c953e65cc2ba3f44d1a02/64397811721531df0a105d40_Se84XZleky26PvHrwJVcU9Wavmn7RPg8B3-btA4n8-sm-RN96dEwwxZH809MJLl4y9mxYkLx_LO6KADY_hEjziMrk8NxHkAyUkgbPi1EF8mEB02y1bUft5W2CDIxW9Uw_U1lwEeId8p2LgEyQ]
[assets-global.website-files.com/618c953e65cc2ba3f44d1a02/6439781037417e140c23f4ab_3CHNh1LzFKirTJ3SIMGbZZ5RF6uGwXkBH8JOUtJOu62h0dllbF44nk6CFDm9deuf_4UT_fi8wFa5u4lI83jS0ICIY5VdSwzUfHLtwMOaQ6VolvcGAw70RIHyLg74NLKzjluIQFRFJ2xjmyzVD]
[flow.com/engineering-categories/observability.html]
[assets-global.website-files.com/618c953e65cc2ba3f44d1a02/64397810a5f13f351cfb0154_jraJpTMfsV7Hwe9SuOKHKKb7AyR-IRJxSkfQeXpD7zR_yjqZU0lQRSFegOydckWC6tZgL270ketZbJxXj-66qGRzoqkZ-KL5G8fp7rnoKKmsgx-X_ynKf6UI89h1igbLvIEOFgMdrq7-8N6Fp]
[flow.com/authors/alexey-ivanov.html]
[assets-global.website-files.com/618c953e65cc2ba3f44d1a02/643978128ae656dd919cd724_pP0U2kZ5FgcL2tgxvKI8Qfa_B-kAR_GRkMR5ohZIuWsD3KcnuZePnslFzQITVrY9MHidRahYgHQrKr2sT37GysL7qWht4K-tg_g8YOad0mJLj-dgHdqzm-q7GLzW6r6TlmTvpqmEed-EgnrGm]
[assets-global.website-files.com/618c953e65cc2ba3f44d1a02/64397811cdab2ea987d584b6_brzSFZsyGV4ZFAg3ovwcYRoa7HaR34whuJwOy7EeGrBqLIjMj0DfjqoNi3w053x3XpCDjerf5V5K0UM36jMXuW9DFV7CBMzmkvUwDFFgWuf4PfN-EtPMWL5f9TUAr7_g7Zl7Gi7hwJFop_wdE]
[assets-global.website-files.com/618c953e65cc2ba3f44d1a02/63d9a7e24e74fc82d1848fd2_untitled@2x (2).png]
[assets-global.website-files.com/618c953e65cc2ba3f44d1a02/643978110c679502e902d5fa_1Am6EREFZa9k4kRTOhZDU2tNYH7LwaLPxFYm9rf2k6NIa9ZzgtqNuprzcpgzjbRmoYJzGteoHYcPjWF8HD1v1F_3MkEqLDNj82M4ga1qNIKw5XraAPQCio-uTilCNnFbdpxsnDi2xC11dS0r2]
[assets-global.website-files.com/618c953e65cc2ba3f44d1a02/643978110c6795cac802d71d_WSVBpS5jec4saAyz0OeDQArKOPASApTb4WkUiE85aUwZXYqlZuD8dNcJRiis9oG0WDqJUZTepU7RYh0Xe21k-8Zo-nl-xo_YXh_q7AhyJhJ2Bknz59MtMqM0u534ZW6qjGUMtQDG_jlr7RR3E]
[assets-global.website-files.com/618c953e65cc2ba3f44d1a02/63d94d800038c30d276fad8b_Screen Shot 2023-01-10 at 11.16.09 PM.png]
[flow.com/engineering-blogs/golang-services-improving-observability.html]
[flow.com/authors/jerome-pimmel.html]
[assets-global.website-files.com/618c953e65cc2ba3f44d1a02/63d0143261fa44051d7becef_Solidity comparison - Page 4.png]
[flow.com/engineering-blogs/flow-blockchain-programming-language-smart-contract-cadence-solidity-comparison-ethereum.html]
[flow.com/engineering-blogs/heres-what-the-flow-smart-contract-team-and-i-are-working-on-for-the-near-future.html]
[flow.com/authors/joshua-hannan.html]
[flow.com/engineering-blogs/ethereum-merkle-patricia-trie-explained.html]
[flow.com/engineering-blogs/eip-1186-explained-with-examples-the-standard-for-getting-account-proof.html]
[flow.com/engineering-blogs/introduction-to-flow-blockchain-part-4.html]
[flow.com/engineering-blogs/introduction-to-flow-blockchain-part-3.html]
[flow.com/engineering-categories/blockchain.html]
[flow.com/engineering-blogs/uniswap-v2-explained-beginner-friendly.html]
[flow.com/authors/leo-zhang.html]
[assets-global.website-files.com/618c953e65cc2ba3f44d1a02/6373815494c3284922d75441_636a3c2570681a3171fdd233_1_YGiXY8OyQ_32xGbNoKv3iQ.png]
[flow.com/engineering-blogs/verify-usdc-balance-and-nft-meta-data-with-proof.html]
[flow.com/authors/jan-bernatik.html]
[assets-global.website-files.com/618c953e65cc2ba3f44d1a02/639afd5895df2310ce652517_1_WXAWBMemgaBaHvO-oXDrEA.png]
[assets-global.website-files.com/618c953e65cc2ba3f44d1a02/639afd5886e0b100d5dc000e_1_EZSbQbO8fKxkNgfYx7daYw.png]
[flow.com/engineering-blogs/introduction-to-flow-blockchain.html]
[assets-global.website-files.com/618c953e65cc2ba3f44d1a02/639afe16a962437ce04e35ea_1_mszFYi7Z4VwqPnQRCAzXXA.png]
[assets-global.website-files.com/618c953e65cc2ba3f44d1a02/639afe1708d612256db9e5dd_1_InXAeZ_2gfXqeXzyJze-_w.png]
[flow.com/engineering-blogs/introduction-to-flow-blockchain-part-2.html]
[flow.com/engineering-blogs/some-potentially-huge-news-for-flow-developer.html]
[flow.com/engineering-blogs/how-i-organize-my-cadence-projects.html]
[flow.com/engineering-blogs/creating-a-token-on-the-flow-blockchain-dont-forget-this-vital-part.html]
[assets-global.website-files.com/618c953e65cc2ba3f44d1a02/639b16533a537ac93d326903_1_uc19DwwOSr57k3ZxLZj4TA.png]
[flow.com/engineering-blogs/what-ive-learned-in-the-year-since-i-wrote-the-nba-top-shot-smart-contracts.html]
[flow.com/engineering-blogs/a-retrospective-of-the-cadence-cup.html]
[flow.com/engineering-blogs/basic-access-control-in-cadence.html]
[assets-global.website-files.com/618c953e65cc2ba3f44d1a02/639b11165e311ebee98ab34c_1_uAtIjsm7b2QMc2f7bknWOg.png]
[flow.com/engineering-blogs/taking-your-first-steps-with-cadence.html]
[flow.com/engineering-blogs/why-you-probably-shouldnt-use-a-single-private-key-to-secure-your-assets.html]
[flow.com/engineering-blogs/can-we-use-smart-contracts-to-prevent-employee-insider-trading.html]
[flow.com/engineering-blogs/modular-at-sxsw-recap.html]
[flow.com/engineering-blogs/introduction-to-smart-contract-and-dapp-security.html]
[flow.com/engineering-blogs/building-the-interactive-token-sale.html]
[flow.com/engineering-blogs/circular-linked-list-in-solidity.html]
[flow.com/engineering-blogs/adex-registry-exchange-contract-audit.html]
[assets-global.website-files.com/618c953e65cc2ba3f44d1a02/639b09e056d3528642294ad0_Screenshot 2022-12-15 at 12.49.39 PM.png]
[flow.com/engineering-blogs/exploring-the-even-distribution-coin-offering-model.html]
[flow.com/engineering-categories/cadence.html]
[flow.com/engineering-blogs/how-do-i-check-msg-sender-in-cadence-capabilities.html]
[flow.com/engineering-blogs/finding-common-ground-among-unique-token-sale-models.html]
[assets-global.website-files.com/618c953e65cc2ba3f44d1a02/639b2aa5c2c3c0b8ed3d9364_1_pccxbH9FmN9zxWG5dyvuLA.png]
[flow.com/engineering-blogs/optionals-in-cadence-not-optional.html]
[assets-global.website-files.com/618c953e65cc2ba3f44d1a02/648b8c8c9df2e78d2b76e6d1_Ash Muller Headshot.png]
[flow.com/authors/ash-muller.html]
[assets-global.website-files.com/618c953e65cc2ba3f44d1a02/648237382081a111ea7daca9_Jacob Tucker Headshot.jpg]
[flow.com/authors/jacob-tucker.html]
[assets-global.website-files.com/618c953e65cc2ba3f44d1a02/6378093f28ef0da200377c4c_image (29).png]
[flow.com/authors/vishal-changrani.html]
[assets-global.website-files.com/618c953e65cc2ba3f44d1a02/64641c5777a81dc262f54b16_Metrika_logo.jpg]
[flow.com/authors/metrika-team.html]
[assets-global.website-files.com/618c953e65cc2ba3f44d1a02/63ee934a7b0e19bce8bbc86e_layne.png]
[flow.com/authors/layne-lafrance.html]
[www.instagram.com/embed.js]
[flow.com/post/flow-blockchain-news-core-protocol-updates-ecosystem-priorities.html]
[flow.com/post/flow-blockchain-news-developer-tools-ecosystem-priorities-update.html]
[flow.com/post/flow-blockchain-news-cadence-smart-contract-language-ecosystem-priorities.html]
[flow.com/post/flow-blockchain-news-smart-contract-ecosystem-priorities.html]
[flow.com/post/flow-blockchain-news-economics-protocol-updates.html]
[flow.com/post/flow-blockchain-news-protocol-governance-updates-ecosystem-priorities.html]
[assets-global.website-files.com/618c953e65cc2ba3f44d1a02/639918cf1eda9b7b8e5e3ea5_Copy of Flow Town Hall - December 2022-2.jpg]
[assets-global.website-files.com/618c953e65cc2ba3f44d1a02/6399191c6a58e7526db94e6c_Flow Town Hall - December 2022 (14).jpg]
[assets-global.website-files.com/618c953e65cc2ba3f44d1a02/6399192c169b53800e6d5804_Flow Town Hall - December 2022 (13).jpg]
[assets-global.website-files.com/618c953e65cc2ba3f44d1a02/6399193648524d0dc91c3558_Flow Town Hall - December 2022 (15).jpg]
[assets-global.website-files.com/618c953e65cc2ba3f44d1a02/639919722b10c4039868251b_Flow Town Hall - December 2022 (16).jpg]
[assets-global.website-files.com/618c953e65cc2ba3f44d1a02/6399197c0b143fd24542d619_Flow Town Hall - December 2022 (17).jpg]
[assets-global.website-files.com/618c953e65cc2ba3f44d1a02/639919876feba7031d03b774_Flow Town Hall - December 2022 (18).jpg]
[assets-global.website-files.com/618c953e65cc2ba3f44d1a02/6399198db27b31014e3180cc_Flow Town Hall - December 2022 (19).jpg]
[assets-global.website-files.com/618c953e65cc2ba3f44d1a02/639919a3adfcb51f9c2d2513_Flow Town Hall - December 2022 (20).jpg]
[assets-global.website-files.com/618c953e65cc2ba3f44d1a02/639919ab1d5ae9f3d44c28e2_Flow Town Hall - December 2022 (21).jpg]
[assets-global.website-files.com/618c953e65cc2ba3f44d1a02/639919c7bb3f0eeb0b142751_Flow Town Hall - December 2022 (1).jpg]
[assets-global.website-files.com/618c953e65cc2ba3f44d1a02/639919e7bb3f0e0bb4142a0c_Flow Town Hall - December 2022 (22).jpg]
[assets-global.website-files.com/618c953e65cc2ba3f44d1a02/63991a9e6a58e7916ab96ce6_Copy of Flow Town Hall - December 2022 (7).jpg]
[assets-global.website-files.com/618c953e65cc2ba3f44d1a02/63991ab8adfcb57f092d42ef_Flow Town Hall - December 2022 (23).jpg]
[assets-global.website-files.com/618c953e65cc2ba3f44d1a02/63991ac26feba7677103ccb5_Flow Town Hall - December 2022 (2).jpg]
[assets-global.website-files.com/618c953e65cc2ba3f44d1a02/63991be36feba74e0103defe_Flow Town Hall - December 2022 (3).jpg]
[assets-global.website-files.com/618c953e65cc2ba3f44d1a02/63991c0e756e3cfb01e0dc97_Flow Town Hall - December 2022 (11).jpg]
[assets-global.website-files.com/618c953e65cc2ba3f44d1a02/63991c956787d11a6b166bb4_Flow Town Hall - December 2022 (5).jpg]
[assets-global.website-files.com/618c953e65cc2ba3f44d1a02/63991ca2e1862a70c3e912bd_Flow Town Hall - December 2022 (6).jpg]
[assets-global.website-files.com/618c953e65cc2ba3f44d1a02/63991caa0b143fe7be4318ff_Flow Town Hall - December 2022 (7).jpg]
[assets-global.website-files.com/618c953e65cc2ba3f44d1a02/63991cb3b27b31a32331b997_Flow Town Hall - December 2022 (8).jpg]
[assets-global.website-files.com/618c953e65cc2ba3f44d1a02/63991cc5bb3f0e2afe144ddf_Flow Town Hall - December 2022 (9).jpg]
[assets-global.website-files.com/618c953e65cc2ba3f44d1a02/63991ccf0fdb28039a218224_Flow Town Hall - December 2022 (10).jpg]
[assets-global.website-files.com/618c953e65cc2ba3f44d1a02/63991cd8ca7c057fa1a43531_Copy of Flow Town Hall - December 2022 (8).jpg]
[assets-global.website-files.com/618c953e65cc2ba3f44d1a02/63991d2aadfcb52f312d76e7_Flow Town Hall - December 2022 (4).jpg]
[assets-global.website-files.com/618c953e65cc2ba3f44d1a02/63991d3b2b10c470c2686901_Flow Town Hall - December 2022 (12).jpg]
[flow.com/post/flow-blockchain-news-update-town-hall-data-stats-cadence-node-operation.html]
[flow.com/post/flow-blockchain-ecosystem-priorities-developer-tools-smart-contracts-protocol-cadence.html]
[flow.com/post/flow-blockchain-news-developer-grant-program-update.html]
[assets-global.website-files.com/618c953e65cc2ba3f44d1a02/638fab8a942b81ccc89d304e_Flow Diagram_02-12-22.png]
[flow.com/post/flow-blockchain-node-operation-archive-node.html]
[flow.com/post/flow-blockchain-web3-outlook-ftx.html]
[flow.com/post/flow-blockchain-ambassador-program.html]
[assets-global.website-files.com/618c953e65cc2ba3f44d1a02/6337140604f26ecc2fb74ccb_emc.png]
[flow.com/post/discord-bot-flow-blockchain-emerald-city-dao.html]
[assets-global.website-files.com/618c953e65cc2ba3f44d1a02/633712500e22186ec7deae43_Qhbj3lzyRwdaiflm-kNIjAOhJ8Cw4ApciDQsu5tg1uA0Etm4cn9dXUUjETEYMNW1bumFALJJ7b2--ORDbhEbcaOdwz2wdP1lSbodxK9zukKYOhfUURAt0-1QxvBzoV_qazeh-4Xgh5biwZsmZ]
[flow.com/post/ethereum-merge-flow-blockchain-proof-of-stake-pos-sustainability-energy.html]
[flow.com/post/international-nft-day-holiday-flow-blockchain-dapper-labs-official.html]
[flow.com/post/flow-blockchain-permissionless-observer-node-operation.html]
[flow.com/post/onefootball-serie-a-nfts-aera-flow-blockchain.html]
[js.hsforms.net/forms/v2c1d9.js]
[assets-global.website-files.com/618c953e65cc2ba3f44d1a02/62f3a4d40d180f18c6145f72_62e7febd7ede66857872c16d_IMAGES%20WHITEPAPER(10).png]
[flow.com/post/flow-blockchain-game-football-simulator-metaverse-league.html]
[assets-global.website-files.com/618c953e65cc2ba3f44d1a02/62f3a4d40d180fdf6a145f73_62e7f99426aec20240aa3004_ryyT9vWyRrTj81mJ7CFESvswfZnDFByNobW3Xi7DB-ztoHSuAIexWzm3mvCe6wNxS7Pbshd_rKpRYBcJAbDQ6qA8-ffRqbfS3RddblbmfpXpdZVcDSMmWBnI]
[assets-global.website-files.com/618c953e65cc2ba3f44d1a02/62f3a4d40d180f2afc145f74_62e7f9946cc7b25fc1db9456_6ueahxYuClGu9Ie2QAsVnU2_1WWJwBRhHtRobMKknNqYTW542QyCKVJcnHUDt4Rgr3vYo17GorxwhZbTUzZhmSCdIocXu20i0QVElF7imwfdcw246TkCue-a]
[assets-global.website-files.com/618c953e65cc2ba3f44d1a02/62f3a4d40d180f3b86145f75_62e7f9946af179148a4263ee_27DiMTbN49Quvo48NI6eHQTPpcpi20eM2z0hv54U_-puT7UmUGvGOTqVaWqa0AlZLvrRWeVeTJKm_3-nTnZtF_KWdZITRQcV5pkOV0hYbrC-vIPilO3uAgsb]
[assets-global.website-files.com/618c953e65cc2ba3f44d1a02/62f3a4d50d180f82e1145f7d_62e7f99437147c8d9061ba17_yeOGyWVzt2nzYotabw0bHKhCvkE8rj1TYcaLnH38kFbu8Fv5tWmOS1Hj8Sc7Js0-Sa-O0xg8jUULW-o-vpx5EszudthhmZ6tYgDaQ3B-K_TSv1RqTBbdm3_y]
[assets-global.website-files.com/618c953e65cc2ba3f44d1a02/62f3a4d30b52a62d8212ac86_62e2b35a0151f8b130ae12c9_FewoStudio1600x900.png]
[assets-global.website-files.com/618c953e65cc2ba3f44d1a02/62f3a4d50d180f6acb145f7e_62e7f994b7257428f2e41c01_OIvy7QF5fa9vnSUhZQI_scIBaFdadz3S1IYKJOsS7Bbsat9V0PhI4a8lt3TIaD1DjqmLnKTVIGKPzhfoUKv-o3TBzr68XPKI9IUy9H9M7VnpjyYun3DMdXNN]
[assets-global.website-files.com/618c953e65cc2ba3f44d1a02/62f3a4d40b52a6eeaf12ac88_62e2b1ffd1c26d702b6f8029_w7LVkblOJ__vtgVlYiP1CRJ7BprA0sqMdhcO0ZU__f0NtIA-psshptcOha-M89dhmdcue-Gcty4uaoX_WGd2JRpUKJbCOahIOwOyUx_p502JXsMhoymXNji0]
[assets-global.website-files.com/618c953e65cc2ba3f44d1a02/62f3a4d40b52a610e412ac89_62e2b31b14db243e6ec3d52a_unnamed%20(3).jpg]
[flow.com/post/flow-blockchain-fewocious-billboard-chartstars-nft.html]
[assets-global.website-files.com/618c953e65cc2ba3f44d1a02/62f3a4d40b52a6f9a312ac87_62e2b2009bdc6feb329cf4af_RQIZnFDkcNP4C8h4RcTywDGSC1xzshVpXtXtELe5CyAZL_GaV_APCh7MyH2tBEfA0H9QGxMbcmbQqkiZT1CBln81jdXTpbX3nLLr69OJEKCwCT0-h4Gv6h6i]
[assets-global.website-files.com/618c953e65cc2ba3f44d1a02/62f3a4d298e3d896ad6e37f2_62dee8fd20279ebd41d91616_logo-vineyard-1.jpg]
[flow.com/post/flow-blockchain-cuvee-collective-wine-nft-club.html]
[assets-global.website-files.com/618c953e65cc2ba3f44d1a02/62f3a4d398e3d8133d6e37ff_62dee5404ff8775f04b8fba0_fnlQdQRr3suAfAL9kNhshRReZpajTdfoO-K-iPCK0r8FvF4Jy2tKBeSuV5LT60TEdrZoTNgkirwdhf1LhNS8whloSqSOrbhM2HFbn6nUC1vzyeaSXBt2l6V5]
[assets-global.website-files.com/618c953e65cc2ba3f44d1a02/62f3a4d298e3d801096e37fe_62dee541a72909ec21131ad4_XMvA-H4CmaSaU1J5Bk5CXLp0sarHSznl3iKzjwjfbWi7uG43lzaymfltXj2UPl4AFbV0V_FFRfk5QkM5qsfSNJKVHJMWanVeS0Qug8oiBwBNurl9H5Kvn5a3]
[flow.com/post/the-rogue-bunnies-flow-blockchain-playboy-playmates-mansion.html]
[assets-global.website-files.com/618c953e65cc2ba3f44d1a02/62f3a4d733f545691e3860bc_62d98bc35519b2f5a8eba794_unnamed%20(2).png]
[assets-global.website-files.com/618c953e65cc2ba3f44d1a02/62f3a4d733f545b04e3860be_62d98acf14cb4a7b415e1443_W8Ax-G3l5wqZ-UeH_kIkM0m1cK5JmHpE_HWAw0y25tKs8BJOcb7jnmWB5efW3ETOLwaBOrJn_b0EC4YGKqikOgfGA3dZgJ_PPN8cRppsNRPY3SXMJ_UJ7FvD]
[assets-global.website-files.com/618c953e65cc2ba3f44d1a02/62f3a4d733f54512aa3860bf_62d98acf445e76002651a39b_FQnMjUIPrCbA4Xji2tJdrIxv_fVsoXgPGZ99XbXDTkqAULiBV3wS01FVsH8AXSZsfVb5-FqTEKpSXRNaPF0XB-B3X8QK0GOOmnYB6VTMvJD-tswkD9Q119nt]
[assets-global.website-files.com/618c953e65cc2ba3f44d1a02/62f3a4d733f54530433860c0_62d98cf879fbeacd916d5f4f_asdf%20(2).png]
[flow.com/post/flow-blockchain-solarpups-dog-breeding-interactive-ar-game-krikey-app.html]
[flow.com/GET.html]
[flow.com/_https_/assets-global.website-files.com/5f734f4dbd95382f4fdfa0ea/64176892d18f1b15978675d0_FlowArcadeDemo_Website-poster-00001.html]
[flow.com/categories/ecosystem.html]
[assets-global.website-files.com/618c953e65cc2ba3f44d1a02/62f3a4ea741147aa533d41b5_60008dcc39ed54478b3f66d9_Project%20Highlight_%20Chainlink.png]
[flow.com/post/a-million-copies-and-no-original.html]
[assets-global.website-files.com/618c953e65cc2ba3f44d1a02/62f3a4c6eafac520946469ab_5fcf1bd284a482b7a3ca40cf_A%20million%20copies%20and%20no%20original%20.png]
[assets-global.website-files.com/618c953e65cc2ba3f44d1a02/62f3a4cb5a05665de9af073f_5fb06c063848e36985a16d7e_Can%20DeFi%20defy%20centralized%20finance_.png]
[flow.com/authors/mateusz-rzeszowski.html]
[assets-global.website-files.com/618c953e65cc2ba3f44d1a02/643978ab6e2711046603fdd9_Jordan Schalm.jpg]
[flow.com/authors/jordan-schalm.html]
[flow.com/engineering-categories/observability.html]
[assets-global.website-files.com/618c953e65cc2ba3f44d1a02/63d95660e87bf77f56cce4f6_alexey.jpg]
[flow.com/authors/alexey-ivanov.html]
[assets-global.website-files.com/618c953e65cc2ba3f44d1a02/63d081991e78efbaf65226b6_work-profile-photo.jpg]
[flow.com/authors/jerome-pimmel.html]
[assets-global.website-files.com/618c953e65cc2ba3f44d1a02/639b07dd5d394f10fde2e812_1_1bOpQWSQ1Npzd-ptssLB7g.png]
[flow.com/authors/joshua-hannan.html]
[flow.com/engineering-blogs/ethereum-merkle-patricia-trie-explained.html]
[assets-global.website-files.com/618c953e65cc2ba3f44d1a02/639b0572a95e0eca06a60465_1_YBMncxjXCIBG4PHK3vbu5g.png]
[flow.com/engineering-blogs/eip-1186-explained-with-examples-the-standard-for-getting-account-proof.html]
[assets-global.website-files.com/618c953e65cc2ba3f44d1a02/639afe9b70637a3cf4e42db6_1_wnze8rOWVi66bVgWL27MHg.png]
[assets-global.website-files.com/618c953e65cc2ba3f44d1a02/639afe9bab43ca311a2a0a9c_1_7BJV2Jr6kX7ULgf9N3B0bg.png]
[flow.com/engineering-blogs/introduction-to-flow-blockchain-part-4.html]
[assets-global.website-files.com/618c953e65cc2ba3f44d1a02/639afe68ce8fc01a819ac23a_1_hpmzaM1GCRdXifrJM13Bqg.png]
[assets-global.website-files.com/618c953e65cc2ba3f44d1a02/639afe67e8cd4e3b11842fcf_1_Nc69aDHeUtAJNCw_5wm6MA.png]
[assets-global.website-files.com/618c953e65cc2ba3f44d1a02/639afe67a95e0e15fba5a5a3_1_Z5wdU3BvN2vviwXRdB5sog.png]
[flow.com/engineering-blogs/introduction-to-flow-blockchain-part-3.html]
[assets-global.website-files.com/618c953e65cc2ba3f44d1a02/639b346895c9c1a11bfd5e80_1_bpBLtSjIBs26wwonN2UACw.png]
[assets-global.website-files.com/618c953e65cc2ba3f44d1a02/639b34685b0c7d7ea78f11b6_1_QC-dT9XnjUp5d6k45pND8g.jpg]
[flow.com/engineering-blogs/uniswap-v2-explained-beginner-friendly.html]
[flow.com/authors/leo-zhang.html]
[flow.com/authors/jan-bernatik.html]
[flow.com/engineering-blogs/some-potentially-huge-news-for-flow-developer.html]
[flow.com/engineering-blogs/how-i-organize-my-cadence-projects.html]
[flow.com/engineering-blogs/creating-a-token-on-the-flow-blockchain-dont-forget-this-vital-part.html]
[assets-global.website-files.com/618c953e65cc2ba3f44d1a02/639b13746c647c47b0f3226a_1_LML3N22kDdtfPybRFnSucg.png]
[assets-global.website-files.com/618c953e65cc2ba3f44d1a02/639b13743749e734ab7c6dfc_1_At8uQfmwSe9rj-ZsmXqx-Q.png]
[flow.com/engineering-blogs/what-ive-learned-in-the-year-since-i-wrote-the-nba-top-shot-smart-contracts.html]
[flow.com/engineering-blogs/a-retrospective-of-the-cadence-cup.html]
[assets-global.website-files.com/618c953e65cc2ba3f44d1a02/639b112bb3881c2459873a1d_1_M7p33-EGZPFdKcX7oR6mDg.jpg]
[flow.com/engineering-blogs/basic-access-control-in-cadence.html]
[assets-global.website-files.com/618c953e65cc2ba3f44d1a02/639b1089568b743113eacc24_1_FUuphC1mmWrVXGUxa7dVww.gif]
[assets-global.website-files.com/618c953e65cc2ba3f44d1a02/639b1089b3881cf876873136_1_bT_xMbOYiX8jVmocjlW2CA.png]
[flow.com/engineering-blogs/taking-your-first-steps-with-cadence.html]
[assets-global.website-files.com/618c953e65cc2ba3f44d1a02/639b100d568b74a2a8eab679_1_tOESAZSkdh01dgSKSs6flQ.gif]
[assets-global.website-files.com/618c953e65cc2ba3f44d1a02/639b100d4a1bd63362ea5044_1_ttxBTM5pgIzdL0N1kSQfUg.gif]
[flow.com/engineering-blogs/why-you-probably-shouldnt-use-a-single-private-key-to-secure-your-assets.html]
[flow.com/engineering-blogs/can-we-use-smart-contracts-to-prevent-employee-insider-trading.html]
[assets-global.website-files.com/618c953e65cc2ba3f44d1a02/639b0e9f16d4d93c0e142c67_1_e4rmvD9RvYAi948PO0vZtQ.jpg]
[assets-global.website-files.com/618c953e65cc2ba3f44d1a02/639b0e9f637a1eeae7b4a810_1_13brFUzgNqmKfqDGl14Xhg.jpg]
[assets-global.website-files.com/618c953e65cc2ba3f44d1a02/639b0e9f234274a22404cb66_1_8PQwFUUD_RRx9rtA39eJSA.png]
[flow.com/engineering-blogs/modular-at-sxsw-recap.html]
[assets-global.website-files.com/618c953e65cc2ba3f44d1a02/639b0d04131289d13b077961_1_Yj6Ev_j2LYMBNpeCdk2PdA.png]
[assets-global.website-files.com/618c953e65cc2ba3f44d1a02/639b0d0455aa469c78375f4d_1_1xB3SpaJ7UCKgWS3jFkqPg.jpg]
[assets-global.website-files.com/618c953e65cc2ba3f44d1a02/639b0d0446c5ff6407cb1a9c_1_2fOR_zL7qeAhyQR94SvkRA.png]
[assets-global.website-files.com/618c953e65cc2ba3f44d1a02/639b0d04e1266c1a7c229455_1_rsQlUsCveDIDtkjIgCLX4w.png]
[assets-global.website-files.com/618c953e65cc2ba3f44d1a02/639b0d045c967fd9e69a67af_1_eEzE7W_zC52taFmHNCry8g.png]
[assets-global.website-files.com/618c953e65cc2ba3f44d1a02/639b0d0486e0b19271dd1e0a_1_S8fC4ujv-KFL17ZY_loSDw.png]
[assets-global.website-files.com/618c953e65cc2ba3f44d1a02/639b0d04e08e8771517503a7_1_n_y3GoeWnW93zOEp9ARA_A.png]
[flow.com/engineering-blogs/introduction-to-smart-contract-and-dapp-security.html]
[assets-global.website-files.com/618c953e65cc2ba3f44d1a02/639b0c5a00c2a931f0fd3cf0_1_Ju77DMazgnpziW0gIWsnRQ.png]
[assets-global.website-files.com/618c953e65cc2ba3f44d1a02/639b0c5ba96243fc234efdba_1_k6TBNVpB987ZwecMg4tVzw.png]
[assets-global.website-files.com/618c953e65cc2ba3f44d1a02/639b0c5b4ae326571f1e41a4_1_7qv-pfR2GVpe2ke9stv-HA.png]
[assets-global.website-files.com/618c953e65cc2ba3f44d1a02/639b0c5be8cd4e7b2d851e14_1_t5nybgIecu8VZpGVD8v-UA.png]
[assets-global.website-files.com/618c953e65cc2ba3f44d1a02/639b0c5b5c967f60f59a59a7_1_tyCWBL9oqSxeeLde9Vw8fQ.png]
[assets-global.website-files.com/618c953e65cc2ba3f44d1a02/639b0c5b56d35271d429826a_1_v11A7VdxHfvykfBi0D6kvQ.png]
[assets-global.website-files.com/618c953e65cc2ba3f44d1a02/639b0c5baff1d80e3914d333_1_lbUwWMBTAhxTja9G41aLSA.png]
[assets-global.website-files.com/618c953e65cc2ba3f44d1a02/639b0c5b17e478b144945513_1_EN07xFaF0FzW66etUL7AQg.png]
[flow.com/engineering-blogs/building-the-interactive-token-sale.html]
[flow.com/engineering-blogs/circular-linked-list-in-solidity.html]
[flow.com/engineering-blogs/adex-registry-exchange-contract-audit.html]
[assets-global.website-files.com/618c953e65cc2ba3f44d1a02/639b0857e1266c4559223f51_1_o0ngOJ4IFsTg0ERSwSkYfQ.png]
[flow.com/engineering-blogs/exploring-the-even-distribution-coin-offering-model.html]
[flow.com/engineering-blogs/finding-common-ground-among-unique-token-sale-models.html]
[flow.com/post/supercharging-innovation-with-the-flow-incubation-program-pilot.html]
[flow.com/post/chrome-extension_/index.html]
[flow.com/post/$1/index.html]
[flow.com/post/embed/index.html]
[flow.com/post/captioned/index.html]
[flow.com/new-home.html]
[flow.com/new-hybrid-custody-2.html]
[flow.com/use-case/nft.html]
[flow.com/post/flow-network-status-updates-sporks-status-page.html]
[flow.com/post/nft-marketplace-video-tutorial-flow-blockchain-build-develop-kitty-items.html]
[flow.com/post/a-million-copies-and-no-original.html]
[assets-global.website-files.com/618c953e65cc2ba3f44d1a02/639afd9d56d3526a8b288d11_1_dC2-cOEhGLeotys_VEotgw.jpeg]
[flow.com/engineering-categories/smart-contracts.html]
[flow.com/authors/john-nichols.html]
[flow.com/authors/gregor-gololicic.html]
[flow.com/ecosystemsupport.html]
[flow.com/post/international-nft-day-announcements-flow-blockchain.html]
[flow.com/blogcc73.html]
[flow.com/blogc02c.html]
[flow.com/authors/flow311e.html]
[flow.com/engineering-categories/consensus.html]
[flow.com/engineering-blogs/verify-ethereum-smart-contract-state-with-proof.html]
[flow.com/authors/guest.html]
[flow.com/post/project-highlight-chainlink.html]
[flow.com/post/can-defi-defy-centralized-finance.html]
